ARM Linker, 5.03 [Build 76] [MDK-ARM Standard]

==============================================================================

Section Cross References

    startup_stm32f10x_hd.o(RESET) refers to startup_stm32f10x_hd.o(STACK) for __initial_sp
    startup_stm32f10x_hd.o(RESET) refers to startup_stm32f10x_hd.o(.text) for Reset_Handler
    startup_stm32f10x_hd.o(RESET) refers to stm32f10x_it.o(.text) for NMI_Handler
    startup_stm32f10x_hd.o(RESET) refers to systick.o(.text) for SysTick_Handler
    startup_stm32f10x_hd.o(.text) refers to system_stm32f10x.o(.text) for SystemInit
    startup_stm32f10x_hd.o(.text) refers to entry.o(.ARM.Collect$$$$00000000) for __main
    main.o(.text) refers to system_stm32f10x.o(.text) for SystemInit
    main.o(.text) refers to usart1.o(.text) for NVIC_Configuration
    main.o(.text) refers to systick.o(.text) for SysTick_Init
    main.o(.text) refers to pwm_output.o(.text) for TIM_PWM_Init
    main.o(.text) refers to time_test.o(.text) for TIM3_Configuration
    main.o(.text) refers to nrf24l01.o(.text) for NRF24L01_Init
    main.o(.text) refers to sys.o(.text) for RCC_Configuration
    main.o(.text) refers to dflti.o(.text) for __aeabi_i2d
    main.o(.text) refers to ddiv.o(.text) for __aeabi_ddiv
    main.o(.text) refers to dmul.o(.text) for __aeabi_dmul
    main.o(.text) refers to d2f.o(.text) for __aeabi_d2f
    main.o(.text) refers to dadd.o(.text) for __aeabi_dadd
    main.o(.text) refers to fadd.o(.text) for __aeabi_fadd
    main.o(.text) refers to fdiv.o(.text) for __aeabi_fdiv
    main.o(.text) refers to cfrcmple.o(.text) for __aeabi_cfrcmple
    main.o(.text) refers to cfcmple.o(.text) for __aeabi_cfcmple
    main.o(.text) refers to fmul.o(.text) for __aeabi_fmul
    main.o(.text) refers to stm32f10x_it.o(.data) for sign
    main.o(.text) refers to stm32f10x_it.o(.bss) for Re_buf
    main.o(.text) refers to main.o(.bss) for a
    main.o(.text) refers to main.o(.data) for T
    main.o(.text) refers to f2d.o(.text) for __aeabi_f2d
    main.o(.text) refers to dfixi.o(.text) for __aeabi_d2iz
    main.o(.text) refers to stm32f10x_tim.o(.text) for TIM_SetCompare2
    stm32f10x_it.o(.text) refers to stm32f10x_usart.o(.text) for USART_GetITStatus
    stm32f10x_it.o(.text) refers to stm32f10x_exti.o(.text) for EXTI_GetITStatus
    stm32f10x_it.o(.text) refers to stm32f10x_tim.o(.text) for TIM_GetITStatus
    stm32f10x_it.o(.text) refers to stm32f10x_it.o(.data) for control
    stm32f10x_it.o(.text) refers to stm32f10x_it.o(.bss) for Temp
    stm32f10x_it.o(.text) refers to main.o(.data) for aa
    pwm_output.o(.text) refers to stm32f10x_rcc.o(.text) for RCC_APB1PeriphClockCmd
    pwm_output.o(.text) refers to stm32f10x_gpio.o(.text) for GPIO_Init
    pwm_output.o(.text) refers to stm32f10x_tim.o(.text) for TIM_TimeBaseInit
    pwm_output.o(.text) refers to pwm_output.o(.data) for CCR1_Val
    pwm_output.o(.text) refers to f2d.o(.text) for __aeabi_f2d
    pwm_output.o(.text) refers to ffltui.o(.text) for __aeabi_ui2f
    pwm_output.o(.text) refers to ddiv.o(.text) for __aeabi_ddiv
    pwm_output.o(.text) refers to dfixui.o(.text) for __aeabi_d2uiz
    encoder.o(.text) refers to stm32f10x_rcc.o(.text) for RCC_APB1PeriphClockCmd
    encoder.o(.text) refers to stm32f10x_gpio.o(.text) for GPIO_Init
    encoder.o(.text) refers to misc.o(.text) for NVIC_Init
    encoder.o(.text) refers to stm32f10x_tim.o(.text) for TIM_TimeBaseInit
    encoder.o(.text) refers to stm32f10x_tim.o(.text) for TIM_EncoderInterfaceConfig
    encoder.o(.text) refers to stm32f10x_tim.o(.text) for TIM_ICStructInit
    encoder.o(.text) refers to stm32f10x_tim.o(.text) for TIM_ICInit
    encoder.o(.text) refers to stm32f10x_tim.o(.text) for TIM_GetCounter
    systick.o(.text) refers to system_stm32f10x.o(.data) for SystemCoreClock
    systick.o(.text) refers to systick.o(.data) for TimingDelay
    usart1.o(.text) refers to stm32f10x_usart.o(.text) for USART_SendData
    usart1.o(.text) refers to stm32f10x_rcc.o(.text) for RCC_APB2PeriphClockCmd
    usart1.o(.text) refers to stm32f10x_gpio.o(.text) for GPIO_Init
    usart1.o(.text) refers to stm32f10x_usart.o(.text) for USART_Init
    usart1.o(.text) refers to misc.o(.text) for NVIC_PriorityGroupConfig
    exti.o(.text) refers to stm32f10x_rcc.o(.text) for RCC_APB2PeriphClockCmd
    exti.o(.text) refers to stm32f10x_gpio.o(.text) for GPIO_Init
    exti.o(.text) refers to stm32f10x_exti.o(.text) for EXTI_Init
    led.o(.text) refers to stm32f10x_rcc.o(.text) for RCC_APB2PeriphClockCmd
    led.o(.text) refers to stm32f10x_gpio.o(.text) for GPIO_Init
    led.o(.text) refers to stm32f10x_gpio.o(.text) for GPIO_SetBits
    led.o(.text) refers to stm32f10x_gpio.o(.text) for GPIO_ResetBits
    time_test.o(.text) refers to stm32f10x_rcc.o(.text) for RCC_APB1PeriphClockCmd
    time_test.o(.text) refers to stm32f10x_tim.o(.text) for TIM_DeInit
    nrf24l01.o(.text) refers to stm32f10x_rcc.o(.text) for RCC_APB2PeriphClockCmd
    nrf24l01.o(.text) refers to stm32f10x_gpio.o(.text) for GPIO_Init
    nrf24l01.o(.text) refers to stm32f10x_exti.o(.text) for EXTI_Init
    nrf24l01.o(.text) refers to stm32f10x_spi.o(.text) for SPI_Init
    nrf24l01.o(.text) refers to nrf24l01.o(.constdata) for TX_ADDRESS
    nrf24l01.o(.text) refers to nrf24l01.o(.text) for SPI_SetSpeed
    nrf24l01.o(.text) refers to nrf24l01.o(.text) for SPI_SetSpeed
    sys.o(.text) refers to stm32f10x_rcc.o(.text) for RCC_DeInit
    sys.o(.text) refers to stm32f10x_flash.o(.text) for FLASH_PrefetchBufferCmd
    sys.o(.text) refers to stm32f10x_gpio.o(.text) for GPIO_Init
    stm32f10x_rcc.o(.text) refers to stm32f10x_rcc.o(.data) for APBAHBPrescTable
    stm32f10x_gpio.o(.text) refers to stm32f10x_rcc.o(.text) for RCC_APB2PeriphResetCmd
    stm32f10x_gpio.o(.text) refers to stm32f10x_rcc.o(.text) for RCC_APB2PeriphResetCmd
    stm32f10x_tim.o(.text) refers to stm32f10x_rcc.o(.text) for RCC_APB2PeriphResetCmd
    stm32f10x_tim.o(.text) refers to stm32f10x_tim.o(.text) for TI1_Config
    stm32f10x_tim.o(.text) refers to stm32f10x_tim.o(.text) for TIM_SetIC1Prescaler
    stm32f10x_tim.o(.text) refers to stm32f10x_tim.o(.text) for TIM_SetIC2Prescaler
    stm32f10x_tim.o(.text) refers to stm32f10x_tim.o(.text) for TIM_SetIC3Prescaler
    stm32f10x_tim.o(.text) refers to stm32f10x_tim.o(.text) for TIM_SetIC4Prescaler
    stm32f10x_tim.o(.text) refers to stm32f10x_tim.o(.text) for TI1_Config
    stm32f10x_tim.o(.text) refers to stm32f10x_tim.o(.text) for TIM_SetIC1Prescaler
    stm32f10x_tim.o(.text) refers to stm32f10x_tim.o(.text) for TIM_SetIC2Prescaler
    stm32f10x_tim.o(.text) refers to stm32f10x_tim.o(.text) for TIM_SelectInputTrigger
    stm32f10x_tim.o(.text) refers to stm32f10x_tim.o(.text) for TI2_Config
    stm32f10x_tim.o(.text) refers to stm32f10x_tim.o(.text) for TIM_SelectInputTrigger
    stm32f10x_tim.o(.text) refers to stm32f10x_tim.o(.text) for TIM_ETRConfig
    stm32f10x_tim.o(.text) refers to stm32f10x_tim.o(.text) for TIM_ETRConfig
    stm32f10x_usart.o(.text) refers to stm32f10x_rcc.o(.text) for RCC_APB2PeriphResetCmd
    stm32f10x_usart.o(.text) refers to stm32f10x_rcc.o(.text) for RCC_GetClocksFreq
    stm32f10x_spi.o(.text) refers to stm32f10x_rcc.o(.text) for RCC_APB2PeriphResetCmd
    stm32f10x_spi.o(.text) refers to stm32f10x_rcc.o(.text) for RCC_GetClocksFreq
    stm32f10x_flash.o(.text) refers to stm32f10x_flash.o(.text) for FLASH_GetBank1Status
    stm32f10x_flash.o(.text) refers to stm32f10x_flash.o(.text) for FLASH_WaitForLastOperation
    stm32f10x_flash.o(.text) refers to stm32f10x_flash.o(.text) for FLASH_WaitForLastOperation
    stm32f10x_flash.o(.text) refers to stm32f10x_flash.o(.text) for FLASH_GetBank1Status
    stm32f10x_flash.o(.text) refers to stm32f10x_flash.o(.text) for FLASH_WaitForLastBank1Operation
    stm32f10x_flash.o(.text) refers to stm32f10x_flash.o(.text) for FLASH_GetReadOutProtectionStatus
    stm32f10x_flash.o(.text) refers to stm32f10x_flash.o(.text) for FLASH_WaitForLastOperation
    stm32f10x_flash.o(.text) refers to stm32f10x_flash.o(.text) for FLASH_WaitForLastOperation
    stm32f10x_flash.o(.text) refers to stm32f10x_flash.o(.text) for FLASH_WaitForLastOperation
    stm32f10x_flash.o(.text) refers to stm32f10x_flash.o(.text) for FLASH_WaitForLastOperation
    stm32f10x_flash.o(.text) refers to stm32f10x_flash.o(.text) for FLASH_WaitForLastOperation
    stm32f10x_flash.o(.text) refers to stm32f10x_flash.o(.text) for FLASH_WaitForLastOperation
    stm32f10x_flash.o(.text) refers to stm32f10x_flash.o(.text) for FLASH_WaitForLastOperation
    system_stm32f10x.o(.text) refers to system_stm32f10x.o(.data) for SystemCoreClock
    entry.o(.ARM.Collect$$$$00000000) refers (Special) to entry10a.o(.ARM.Collect$$$$0000000D) for __rt_final_cpp
    entry.o(.ARM.Collect$$$$00000000) refers (Special) to entry11a.o(.ARM.Collect$$$$0000000F) for __rt_final_exit
    entry.o(.ARM.Collect$$$$00000000) refers (Special) to entry7b.o(.ARM.Collect$$$$00000008) for _main_clock
    entry.o(.ARM.Collect$$$$00000000) refers (Special) to entry8b.o(.ARM.Collect$$$$0000000A) for _main_cpp_init
    entry.o(.ARM.Collect$$$$00000000) refers (Special) to entry9a.o(.ARM.Collect$$$$0000000B) for _main_init
    entry.o(.ARM.Collect$$$$00000000) refers (Special) to entry5.o(.ARM.Collect$$$$00000004) for _main_scatterload
    entry.o(.ARM.Collect$$$$00000000) refers (Special) to entry2.o(.ARM.Collect$$$$00000001) for _main_stk
    fadd.o(.text) refers (Special) to iusefp.o(.text) for __I$use$fp
    fadd.o(.text) refers to fepilogue.o(.text) for _float_epilogue
    fmul.o(.text) refers (Special) to iusefp.o(.text) for __I$use$fp
    fdiv.o(.text) refers (Special) to iusefp.o(.text) for __I$use$fp
    fdiv.o(.text) refers to fepilogue.o(.text) for _float_round
    dadd.o(.text) refers (Special) to iusefp.o(.text) for __I$use$fp
    dadd.o(.text) refers to llshl.o(.text) for __aeabi_llsl
    dadd.o(.text) refers to llsshr.o(.text) for __aeabi_lasr
    dadd.o(.text) refers to depilogue.o(.text) for _double_epilogue
    dmul.o(.text) refers (Special) to iusefp.o(.text) for __I$use$fp
    dmul.o(.text) refers to depilogue.o(.text) for _double_epilogue
    ddiv.o(.text) refers (Special) to iusefp.o(.text) for __I$use$fp
    ddiv.o(.text) refers to depilogue.o(.text) for _double_round
    ffltui.o(.text) refers (Special) to iusefp.o(.text) for __I$use$fp
    ffltui.o(.text) refers to fepilogue.o(.text) for _float_epilogue
    dflti.o(.text) refers (Special) to iusefp.o(.text) for __I$use$fp
    dflti.o(.text) refers to depilogue.o(.text) for _double_epilogue
    dfixi.o(.text) refers (Special) to iusefp.o(.text) for __I$use$fp
    dfixi.o(.text) refers to llushr.o(.text) for __aeabi_llsr
    dfixui.o(.text) refers (Special) to iusefp.o(.text) for __I$use$fp
    dfixui.o(.text) refers to llushr.o(.text) for __aeabi_llsr
    f2d.o(.text) refers (Special) to iusefp.o(.text) for __I$use$fp
    d2f.o(.text) refers (Special) to iusefp.o(.text) for __I$use$fp
    d2f.o(.text) refers to fepilogue.o(.text) for _float_round
    cfcmple.o(.text) refers (Special) to iusefp.o(.text) for __I$use$fp
    cfrcmple.o(.text) refers (Special) to iusefp.o(.text) for __I$use$fp
    entry2.o(.ARM.Collect$$$$00000001) refers to entry2.o(.ARM.Collect$$$$00002712) for __lit__00000000
    entry2.o(.ARM.Collect$$$$00002712) refers to startup_stm32f10x_hd.o(STACK) for __initial_sp
    entry2.o(__vectab_stack_and_reset_area) refers to startup_stm32f10x_hd.o(STACK) for __initial_sp
    entry2.o(__vectab_stack_and_reset_area) refers to entry.o(.ARM.Collect$$$$00000000) for __main
    entry5.o(.ARM.Collect$$$$00000004) refers to init.o(.text) for __scatterload
    entry9a.o(.ARM.Collect$$$$0000000B) refers to main.o(.text) for main
    entry9b.o(.ARM.Collect$$$$0000000C) refers to main.o(.text) for main
    depilogue.o(.text) refers to llshl.o(.text) for __aeabi_llsl
    depilogue.o(.text) refers to llushr.o(.text) for __aeabi_llsr
    init.o(.text) refers to entry5.o(.ARM.Collect$$$$00000004) for __main_after_scatterload


==============================================================================

Removing Unused input sections from the image.

    Removing startup_stm32f10x_hd.o(HEAP), (512 bytes).
    Removing pwm_output.o(.text), (152 bytes).
    Removing encoder.o(.text), (188 bytes).
    Removing encoder.o(.text), (12 bytes).
    Removing encoder.o(.data), (4 bytes).
    Removing usart1.o(.text), (6 bytes).
    Removing usart1.o(.text), (60 bytes).
    Removing usart1.o(.data), (4 bytes).
    Removing exti.o(.text), (196 bytes).
    Removing led.o(.text), (60 bytes).
    Removing nrf24l01.o(.text), (116 bytes).
    Removing nrf24l01.o(.text), (92 bytes).
    Removing nrf24l01.o(.data), (2 bytes).
    Removing stm32f10x_rcc.o(.text), (24 bytes).
    Removing stm32f10x_rcc.o(.text), (12 bytes).
    Removing stm32f10x_rcc.o(.text), (32 bytes).
    Removing stm32f10x_rcc.o(.text), (12 bytes).
    Removing stm32f10x_rcc.o(.text), (24 bytes).
    Removing stm32f10x_rcc.o(.text), (52 bytes).
    Removing stm32f10x_rcc.o(.text), (12 bytes).
    Removing stm32f10x_rcc.o(.text), (16 bytes).
    Removing stm32f10x_rcc.o(.text), (12 bytes).
    Removing stm32f10x_rcc.o(.text), (32 bytes).
    Removing stm32f10x_rcc.o(.text), (12 bytes).
    Removing stm32f10x_rcc.o(.text), (12 bytes).
    Removing stm32f10x_rcc.o(.text), (12 bytes).
    Removing stm32f10x_rcc.o(.text), (20 bytes).
    Removing stm32f10x_rcc.o(.text), (24 bytes).
    Removing stm32f10x_rcc.o(.text), (12 bytes).
    Removing stm32f10x_gpio.o(.text), (200 bytes).
    Removing stm32f10x_gpio.o(.text), (20 bytes).
    Removing stm32f10x_gpio.o(.text), (16 bytes).
    Removing stm32f10x_gpio.o(.text), (18 bytes).
    Removing stm32f10x_gpio.o(.text), (8 bytes).
    Removing stm32f10x_gpio.o(.text), (18 bytes).
    Removing stm32f10x_gpio.o(.text), (8 bytes).
    Removing stm32f10x_gpio.o(.text), (4 bytes).
    Removing stm32f10x_gpio.o(.text), (4 bytes).
    Removing stm32f10x_gpio.o(.text), (10 bytes).
    Removing stm32f10x_gpio.o(.text), (4 bytes).
    Removing stm32f10x_gpio.o(.text), (18 bytes).
    Removing stm32f10x_gpio.o(.text), (32 bytes).
    Removing stm32f10x_gpio.o(.text), (12 bytes).
    Removing stm32f10x_gpio.o(.text), (144 bytes).
    Removing stm32f10x_gpio.o(.text), (12 bytes).
    Removing stm32f10x_tim.o(.text), (26 bytes).
    Removing stm32f10x_tim.o(.text), (18 bytes).
    Removing stm32f10x_tim.o(.text), (26 bytes).
    Removing stm32f10x_tim.o(.text), (18 bytes).
    Removing stm32f10x_tim.o(.text), (172 bytes).
    Removing stm32f10x_tim.o(.text), (124 bytes).
    Removing stm32f10x_tim.o(.text), (32 bytes).
    Removing stm32f10x_tim.o(.text), (18 bytes).
    Removing stm32f10x_tim.o(.text), (20 bytes).
    Removing stm32f10x_tim.o(.text), (18 bytes).
    Removing stm32f10x_tim.o(.text), (18 bytes).
    Removing stm32f10x_tim.o(.text), (30 bytes).
    Removing stm32f10x_tim.o(.text), (4 bytes).
    Removing stm32f10x_tim.o(.text), (10 bytes).
    Removing stm32f10x_tim.o(.text), (18 bytes).
    Removing stm32f10x_tim.o(.text), (12 bytes).
    Removing stm32f10x_tim.o(.text), (18 bytes).
    Removing stm32f10x_tim.o(.text), (24 bytes).
    Removing stm32f10x_tim.o(.text), (62 bytes).
    Removing stm32f10x_tim.o(.text), (28 bytes).
    Removing stm32f10x_tim.o(.text), (54 bytes).
    Removing stm32f10x_tim.o(.text), (32 bytes).
    Removing stm32f10x_tim.o(.text), (6 bytes).
    Removing stm32f10x_tim.o(.text), (18 bytes).
    Removing stm32f10x_tim.o(.text), (66 bytes).
    Removing stm32f10x_tim.o(.text), (18 bytes).
    Removing stm32f10x_tim.o(.text), (26 bytes).
    Removing stm32f10x_tim.o(.text), (18 bytes).
    Removing stm32f10x_tim.o(.text), (26 bytes).
    Removing stm32f10x_tim.o(.text), (24 bytes).
    Removing stm32f10x_tim.o(.text), (24 bytes).
    Removing stm32f10x_tim.o(.text), (24 bytes).
    Removing stm32f10x_tim.o(.text), (18 bytes).
    Removing stm32f10x_tim.o(.text), (26 bytes).
    Removing stm32f10x_tim.o(.text), (18 bytes).
    Removing stm32f10x_tim.o(.text), (26 bytes).
    Removing stm32f10x_tim.o(.text), (18 bytes).
    Removing stm32f10x_tim.o(.text), (24 bytes).
    Removing stm32f10x_tim.o(.text), (18 bytes).
    Removing stm32f10x_tim.o(.text), (24 bytes).
    Removing stm32f10x_tim.o(.text), (18 bytes).
    Removing stm32f10x_tim.o(.text), (18 bytes).
    Removing stm32f10x_tim.o(.text), (26 bytes).
    Removing stm32f10x_tim.o(.text), (26 bytes).
    Removing stm32f10x_tim.o(.text), (26 bytes).
    Removing stm32f10x_tim.o(.text), (26 bytes).
    Removing stm32f10x_tim.o(.text), (26 bytes).
    Removing stm32f10x_tim.o(.text), (30 bytes).
    Removing stm32f10x_tim.o(.text), (30 bytes).
    Removing stm32f10x_tim.o(.text), (82 bytes).
    Removing stm32f10x_tim.o(.text), (24 bytes).
    Removing stm32f10x_tim.o(.text), (24 bytes).
    Removing stm32f10x_tim.o(.text), (24 bytes).
    Removing stm32f10x_tim.o(.text), (18 bytes).
    Removing stm32f10x_tim.o(.text), (18 bytes).
    Removing stm32f10x_tim.o(.text), (18 bytes).
    Removing stm32f10x_tim.o(.text), (18 bytes).
    Removing stm32f10x_tim.o(.text), (4 bytes).
    Removing stm32f10x_tim.o(.text), (4 bytes).
    Removing stm32f10x_tim.o(.text), (4 bytes).
    Removing stm32f10x_tim.o(.text), (4 bytes).
    Removing stm32f10x_tim.o(.text), (6 bytes).
    Removing stm32f10x_tim.o(.text), (18 bytes).
    Removing stm32f10x_tim.o(.text), (6 bytes).
    Removing stm32f10x_tim.o(.text), (6 bytes).
    Removing stm32f10x_tim.o(.text), (6 bytes).
    Removing stm32f10x_tim.o(.text), (8 bytes).
    Removing stm32f10x_tim.o(.text), (6 bytes).
    Removing stm32f10x_tim.o(.text), (6 bytes).
    Removing stm32f10x_tim.o(.text), (18 bytes).
    Removing misc.o(.text), (20 bytes).
    Removing misc.o(.text), (32 bytes).
    Removing misc.o(.text), (40 bytes).
    Removing stm32f10x_usart.o(.text), (156 bytes).
    Removing stm32f10x_usart.o(.text), (24 bytes).
    Removing stm32f10x_usart.o(.text), (34 bytes).
    Removing stm32f10x_usart.o(.text), (12 bytes).
    Removing stm32f10x_usart.o(.text), (18 bytes).
    Removing stm32f10x_usart.o(.text), (18 bytes).
    Removing stm32f10x_usart.o(.text), (18 bytes).
    Removing stm32f10x_usart.o(.text), (24 bytes).
    Removing stm32f10x_usart.o(.text), (18 bytes).
    Removing stm32f10x_usart.o(.text), (24 bytes).
    Removing stm32f10x_usart.o(.text), (8 bytes).
    Removing stm32f10x_usart.o(.text), (10 bytes).
    Removing stm32f10x_usart.o(.text), (16 bytes).
    Removing stm32f10x_usart.o(.text), (16 bytes).
    Removing stm32f10x_usart.o(.text), (24 bytes).
    Removing stm32f10x_usart.o(.text), (24 bytes).
    Removing stm32f10x_usart.o(.text), (24 bytes).
    Removing stm32f10x_usart.o(.text), (22 bytes).
    Removing stm32f10x_usart.o(.text), (24 bytes).
    Removing stm32f10x_usart.o(.text), (18 bytes).
    Removing stm32f10x_usart.o(.text), (24 bytes).
    Removing stm32f10x_usart.o(.text), (26 bytes).
    Removing stm32f10x_exti.o(.text), (36 bytes).
    Removing stm32f10x_exti.o(.text), (16 bytes).
    Removing stm32f10x_exti.o(.text), (16 bytes).
    Removing stm32f10x_exti.o(.text), (24 bytes).
    Removing stm32f10x_exti.o(.text), (12 bytes).
    Removing stm32f10x_spi.o(.text), (88 bytes).
    Removing stm32f10x_spi.o(.text), (232 bytes).
    Removing stm32f10x_spi.o(.text), (24 bytes).
    Removing stm32f10x_spi.o(.text), (20 bytes).
    Removing stm32f10x_spi.o(.text), (24 bytes).
    Removing stm32f10x_spi.o(.text), (32 bytes).
    Removing stm32f10x_spi.o(.text), (18 bytes).
    Removing stm32f10x_spi.o(.text), (30 bytes).
    Removing stm32f10x_spi.o(.text), (24 bytes).
    Removing stm32f10x_spi.o(.text), (18 bytes).
    Removing stm32f10x_spi.o(.text), (10 bytes).
    Removing stm32f10x_spi.o(.text), (24 bytes).
    Removing stm32f10x_spi.o(.text), (16 bytes).
    Removing stm32f10x_spi.o(.text), (6 bytes).
    Removing stm32f10x_spi.o(.text), (28 bytes).
    Removing stm32f10x_spi.o(.text), (6 bytes).
    Removing stm32f10x_spi.o(.text), (52 bytes).
    Removing stm32f10x_spi.o(.text), (20 bytes).
    Removing stm32f10x_flash.o(.text), (28 bytes).
    Removing stm32f10x_flash.o(.text), (24 bytes).
    Removing stm32f10x_flash.o(.text), (24 bytes).
    Removing stm32f10x_flash.o(.text), (20 bytes).
    Removing stm32f10x_flash.o(.text), (20 bytes).
    Removing stm32f10x_flash.o(.text), (52 bytes).
    Removing stm32f10x_flash.o(.text), (38 bytes).
    Removing stm32f10x_flash.o(.text), (76 bytes).
    Removing stm32f10x_flash.o(.text), (72 bytes).
    Removing stm32f10x_flash.o(.text), (38 bytes).
    Removing stm32f10x_flash.o(.text), (72 bytes).
    Removing stm32f10x_flash.o(.text), (24 bytes).
    Removing stm32f10x_flash.o(.text), (168 bytes).
    Removing stm32f10x_flash.o(.text), (108 bytes).
    Removing stm32f10x_flash.o(.text), (64 bytes).
    Removing stm32f10x_flash.o(.text), (84 bytes).
    Removing stm32f10x_flash.o(.text), (196 bytes).
    Removing stm32f10x_flash.o(.text), (172 bytes).
    Removing stm32f10x_flash.o(.text), (104 bytes).
    Removing stm32f10x_flash.o(.text), (12 bytes).
    Removing stm32f10x_flash.o(.text), (12 bytes).
    Removing stm32f10x_flash.o(.text), (24 bytes).
    Removing stm32f10x_flash.o(.text), (32 bytes).
    Removing stm32f10x_flash.o(.text), (48 bytes).
    Removing stm32f10x_flash.o(.text), (12 bytes).
    Removing stm32f10x_flash.o(.text), (52 bytes).
    Removing core_cm3.o(.emb_text), (32 bytes).
    Removing system_stm32f10x.o(.text), (164 bytes).
    Removing ffltui.o(.text), (10 bytes).
    Removing dfixui.o(.text), (50 bytes).

193 unused section(s) (total 7286 bytes) removed from the image.

==============================================================================

Image Symbol Table

    Local Symbols

    Symbol Name                              Value     Ov Type        Size  Object(Section)

    ../clib/../cmprslib/zerorunl2.c          0x00000000   Number         0  __dczerorl2.o ABSOLUTE
    ../clib/microlib/init/entry.s            0x00000000   Number         0  entry11b.o ABSOLUTE
    ../clib/microlib/init/entry.s            0x00000000   Number         0  entry2.o ABSOLUTE
    ../clib/microlib/init/entry.s            0x00000000   Number         0  entry5.o ABSOLUTE
    ../clib/microlib/init/entry.s            0x00000000   Number         0  entry7a.o ABSOLUTE
    ../clib/microlib/init/entry.s            0x00000000   Number         0  entry7b.o ABSOLUTE
    ../clib/microlib/init/entry.s            0x00000000   Number         0  entry8a.o ABSOLUTE
    ../clib/microlib/init/entry.s            0x00000000   Number         0  entry8b.o ABSOLUTE
    ../clib/microlib/init/entry.s            0x00000000   Number         0  entry.o ABSOLUTE
    ../clib/microlib/init/entry.s            0x00000000   Number         0  entry9a.o ABSOLUTE
    ../clib/microlib/init/entry.s            0x00000000   Number         0  entry9b.o ABSOLUTE
    ../clib/microlib/init/entry.s            0x00000000   Number         0  entry10a.o ABSOLUTE
    ../clib/microlib/init/entry.s            0x00000000   Number         0  entry10b.o ABSOLUTE
    ../clib/microlib/init/entry.s            0x00000000   Number         0  entry11a.o ABSOLUTE
    ../clib/microlib/longlong.c              0x00000000   Number         0  llsshr.o ABSOLUTE
    ../clib/microlib/longlong.c              0x00000000   Number         0  llshl.o ABSOLUTE
    ../clib/microlib/longlong.c              0x00000000   Number         0  llushr.o ABSOLUTE
    ../clib/microlib/stubs.s                 0x00000000   Number         0  iusefp.o ABSOLUTE
    ../clib/microlib/stubs.s                 0x00000000   Number         0  useno.o ABSOLUTE
    ../fplib/microlib/d2f.c                  0x00000000   Number         0  d2f.o ABSOLUTE
    ../fplib/microlib/f2d.c                  0x00000000   Number         0  f2d.o ABSOLUTE
    ../fplib/microlib/fpadd.c                0x00000000   Number         0  dadd.o ABSOLUTE
    ../fplib/microlib/fpadd.c                0x00000000   Number         0  fadd.o ABSOLUTE
    ../fplib/microlib/fpdiv.c                0x00000000   Number         0  ddiv.o ABSOLUTE
    ../fplib/microlib/fpdiv.c                0x00000000   Number         0  fdiv.o ABSOLUTE
    ../fplib/microlib/fpepilogue.c           0x00000000   Number         0  fepilogue.o ABSOLUTE
    ../fplib/microlib/fpepilogue.c           0x00000000   Number         0  depilogue.o ABSOLUTE
    ../fplib/microlib/fpfix.c                0x00000000   Number         0  dfixui.o ABSOLUTE
    ../fplib/microlib/fpfix.c                0x00000000   Number         0  dfixi.o ABSOLUTE
    ../fplib/microlib/fpflt.c                0x00000000   Number         0  dflti.o ABSOLUTE
    ../fplib/microlib/fpflt.c                0x00000000   Number         0  ffltui.o ABSOLUTE
    ../fplib/microlib/fpmul.c                0x00000000   Number         0  dmul.o ABSOLUTE
    ../fplib/microlib/fpmul.c                0x00000000   Number         0  fmul.o ABSOLUTE
    ..\CMSIS\core_cm3.c                      0x00000000   Number         0  core_cm3.o ABSOLUTE
    ..\CMSIS\startup\startup_stm32f10x_hd.s  0x00000000   Number         0  startup_stm32f10x_hd.o ABSOLUTE
    ..\CMSIS\system_stm32f10x.c              0x00000000   Number         0  system_stm32f10x.o ABSOLUTE
    ..\FWlib\src\misc.c                      0x00000000   Number         0  misc.o ABSOLUTE
    ..\FWlib\src\stm32f10x_exti.c            0x00000000   Number         0  stm32f10x_exti.o ABSOLUTE
    ..\FWlib\src\stm32f10x_flash.c           0x00000000   Number         0  stm32f10x_flash.o ABSOLUTE
    ..\FWlib\src\stm32f10x_gpio.c            0x00000000   Number         0  stm32f10x_gpio.o ABSOLUTE
    ..\FWlib\src\stm32f10x_rcc.c             0x00000000   Number         0  stm32f10x_rcc.o ABSOLUTE
    ..\FWlib\src\stm32f10x_spi.c             0x00000000   Number         0  stm32f10x_spi.o ABSOLUTE
    ..\FWlib\src\stm32f10x_tim.c             0x00000000   Number         0  stm32f10x_tim.o ABSOLUTE
    ..\FWlib\src\stm32f10x_usart.c           0x00000000   Number         0  stm32f10x_usart.o ABSOLUTE
    ..\\CMSIS\\core_cm3.c                    0x00000000   Number         0  core_cm3.o ABSOLUTE
    Encoder.c                                0x00000000   Number         0  encoder.o ABSOLUTE
    SysTick.c                                0x00000000   Number         0  systick.o ABSOLUTE
    Time_test.c                              0x00000000   Number         0  time_test.o ABSOLUTE
    cfcmple.s                                0x00000000   Number         0  cfcmple.o ABSOLUTE
    cfrcmple.s                               0x00000000   Number         0  cfrcmple.o ABSOLUTE
    dc.s                                     0x00000000   Number         0  dc.o ABSOLUTE
    exti.c                                   0x00000000   Number         0  exti.o ABSOLUTE
    handlers.s                               0x00000000   Number         0  handlers.o ABSOLUTE
    init.s                                   0x00000000   Number         0  init.o ABSOLUTE
    led.c                                    0x00000000   Number         0  led.o ABSOLUTE
    main.c                                   0x00000000   Number         0  main.o ABSOLUTE
    nrf24l01.c                               0x00000000   Number         0  nrf24l01.o ABSOLUTE
    pwm_output.c                             0x00000000   Number         0  pwm_output.o ABSOLUTE
    stm32f10x_it.c                           0x00000000   Number         0  stm32f10x_it.o ABSOLUTE
    sys.c                                    0x00000000   Number         0  sys.o ABSOLUTE
    usart1.c                                 0x00000000   Number         0  usart1.o ABSOLUTE
    RESET                                    0x08000000   Section      304  startup_stm32f10x_hd.o(RESET)
    .ARM.Collect$$$$00000000                 0x08000130   Section        0  entry.o(.ARM.Collect$$$$00000000)
    .ARM.Collect$$$$00000001                 0x08000130   Section        4  entry2.o(.ARM.Collect$$$$00000001)
    .ARM.Collect$$$$00000004                 0x08000134   Section        4  entry5.o(.ARM.Collect$$$$00000004)
    .ARM.Collect$$$$00000008                 0x08000138   Section        0  entry7b.o(.ARM.Collect$$$$00000008)
    .ARM.Collect$$$$0000000A                 0x08000138   Section        0  entry8b.o(.ARM.Collect$$$$0000000A)
    .ARM.Collect$$$$0000000B                 0x08000138   Section        8  entry9a.o(.ARM.Collect$$$$0000000B)
    .ARM.Collect$$$$0000000D                 0x08000140   Section        0  entry10a.o(.ARM.Collect$$$$0000000D)
    .ARM.Collect$$$$0000000F                 0x08000140   Section        0  entry11a.o(.ARM.Collect$$$$0000000F)
    .ARM.Collect$$$$00002712                 0x08000140   Section        4  entry2.o(.ARM.Collect$$$$00002712)
    __lit__00000000                          0x08000140   Data           4  entry2.o(.ARM.Collect$$$$00002712)
    .text                                    0x08000144   Section       36  startup_stm32f10x_hd.o(.text)
    .text                                    0x08000168   Section        0  main.o(.text)
    .text                                    0x08000688   Section        0  stm32f10x_it.o(.text)
    .text                                    0x08000820   Section        0  pwm_output.o(.text)
    TIM2_GPIO_Config                         0x08000821   Thumb Code    46  pwm_output.o(.text)
    TIM2_Mode_Config                         0x0800084f   Thumb Code   198  pwm_output.o(.text)
    TIM4_GPIO_Config                         0x08000915   Thumb Code    48  pwm_output.o(.text)
    TIM4_Mode_Config                         0x08000945   Thumb Code   188  pwm_output.o(.text)
    .text                                    0x08000a30   Section        0  systick.o(.text)
    .text                                    0x08000ae4   Section        0  usart1.o(.text)
    .text                                    0x08000c9c   Section        0  time_test.o(.text)
    .text                                    0x08000cf4   Section        0  nrf24l01.o(.text)
    NRF_GPIO_Config                          0x08000cf5   Thumb Code   142  nrf24l01.o(.text)
    NRF_Exti_Config                          0x08000d83   Thumb Code    40  nrf24l01.o(.text)
    SPI_Config                               0x08000dab   Thumb Code    88  nrf24l01.o(.text)
    SPI_SetSpeed                             0x08000e03   Thumb Code    38  nrf24l01.o(.text)
    NRF_SPI1_ReadWriteByte                   0x08000e29   Thumb Code    50  nrf24l01.o(.text)
    NRF24L01_Write_Reg                       0x08000e5b   Thumb Code    38  nrf24l01.o(.text)
    NRF24L01_Read_Reg                        0x08000e81   Thumb Code    36  nrf24l01.o(.text)
    NRF24L01_Read_Buf                        0x08000ea5   Thumb Code    56  nrf24l01.o(.text)
    NRF24L01_Write_Buf                       0x08000edd   Thumb Code    56  nrf24l01.o(.text)
    NRF_GetStatus                            0x08000f15   Thumb Code    14  nrf24l01.o(.text)
    NRF24L01_Check                           0x08000f23   Thumb Code    74  nrf24l01.o(.text)
    NRF24L01_TX_Mode                         0x08000f6d   Thumb Code    90  nrf24l01.o(.text)
    NRF24L01_RX_Mode                         0x08000fc7   Thumb Code    88  nrf24l01.o(.text)
    .text                                    0x08001068   Section        0  sys.o(.text)
    .text                                    0x08001100   Section        0  stm32f10x_rcc.o(.text)
    .text                                    0x080013b0   Section        0  stm32f10x_gpio.o(.text)
    .text                                    0x08001504   Section        0  stm32f10x_tim.o(.text)
    TI4_Config                               0x08001991   Thumb Code   130  stm32f10x_tim.o(.text)
    TI3_Config                               0x08001a13   Thumb Code   122  stm32f10x_tim.o(.text)
    TI2_Config                               0x08001a8d   Thumb Code   130  stm32f10x_tim.o(.text)
    TI1_Config                               0x08001b0f   Thumb Code   108  stm32f10x_tim.o(.text)
    .text                                    0x08001c5c   Section        0  misc.o(.text)
    .text                                    0x08001cdc   Section        0  stm32f10x_usart.o(.text)
    .text                                    0x08001ea4   Section        0  stm32f10x_exti.o(.text)
    .text                                    0x08001f60   Section        0  stm32f10x_spi.o(.text)
    .text                                    0x08001fd0   Section        0  stm32f10x_flash.o(.text)
    .text                                    0x08001ffc   Section        0  system_stm32f10x.o(.text)
    SetSysClockTo72                          0x08001ffd   Thumb Code   212  system_stm32f10x.o(.text)
    SetSysClock                              0x080020d1   Thumb Code     8  system_stm32f10x.o(.text)
    .text                                    0x0800213c   Section        0  fadd.o(.text)
    .text                                    0x080021ec   Section        0  fmul.o(.text)
    .text                                    0x08002258   Section        0  fdiv.o(.text)
    .text                                    0x080022d8   Section        0  dadd.o(.text)
    .text                                    0x08002426   Section        0  dmul.o(.text)
    .text                                    0x0800250a   Section        0  ddiv.o(.text)
    .text                                    0x080025e8   Section        0  dflti.o(.text)
    .text                                    0x0800260a   Section        0  dfixi.o(.text)
    .text                                    0x08002648   Section        0  f2d.o(.text)
    .text                                    0x0800266e   Section        0  d2f.o(.text)
    .text                                    0x080026a8   Section       20  cfcmple.o(.text)
    .text                                    0x080026bc   Section       20  cfrcmple.o(.text)
    .text                                    0x080026d0   Section        0  llshl.o(.text)
    .text                                    0x080026ee   Section        0  llushr.o(.text)
    .text                                    0x0800270e   Section        0  llsshr.o(.text)
    .text                                    0x08002732   Section        0  fepilogue.o(.text)
    .text                                    0x08002732   Section        0  iusefp.o(.text)
    .text                                    0x0800279e   Section        0  depilogue.o(.text)
    .text                                    0x0800285c   Section       36  init.o(.text)
    .text                                    0x08002880   Section        0  __dczerorl2.o(.text)
    i.__scatterload_copy                     0x080028dc   Section       14  handlers.o(i.__scatterload_copy)
    i.__scatterload_null                     0x080028ea   Section        2  handlers.o(i.__scatterload_null)
    i.__scatterload_zeroinit                 0x080028ec   Section       14  handlers.o(i.__scatterload_zeroinit)
    .constdata                               0x080028fa   Section       10  nrf24l01.o(.constdata)
    .data                                    0x20000000   Section      240  main.o(.data)
    ka                                       0x2000000c   Data           4  main.o(.data)
    kb                                       0x20000010   Data           4  main.o(.data)
    kc                                       0x20000014   Data           4  main.o(.data)
    head_stable                              0x20000018   Data           4  main.o(.data)
    tail_stab                                0x2000001c   Data           4  main.o(.data)
    dif_angle                                0x20000020   Data           4  main.o(.data)
    .data                                    0x200000f0   Section       18  stm32f10x_it.o(.data)
    .data                                    0x20000102   Section        8  pwm_output.o(.data)
    .data                                    0x2000010c   Section        4  systick.o(.data)
    .data                                    0x20000110   Section       20  stm32f10x_rcc.o(.data)
    APBAHBPrescTable                         0x20000110   Data          16  stm32f10x_rcc.o(.data)
    ADCPrescTable                            0x20000120   Data           4  stm32f10x_rcc.o(.data)
    .data                                    0x20000124   Section       20  system_stm32f10x.o(.data)
    .bss                                     0x20000138   Section       36  main.o(.bss)
    .bss                                     0x2000015c   Section       33  stm32f10x_it.o(.bss)
    Temp                                     0x20000172   Data          11  stm32f10x_it.o(.bss)
    STACK                                    0x20000180   Section     1024  startup_stm32f10x_hd.o(STACK)

    Global Symbols

    Symbol Name                              Value     Ov Type        Size  Object(Section)

    BuildAttributes$$THM_ISAv4$P$D$K$B$S$PE$A:L22UL41UL21$X:L11$S22US41US21$IEEE1$IW$USESV6$~STKCKD$USESV7$~SHL$OTIME$ROPI$EBA8$MICROLIB$REQ8$PRES8$EABIv2 0x00000000   Number         0  anon$$obj.o ABSOLUTE
    __ARM_use_no_argv                        0x00000000   Number         0  main.o ABSOLUTE
    __use_no_errno                           0x00000000   Number         0  useno.o ABSOLUTE
    __use_no_exception_handling              0x00000000   Number         0  useno.o ABSOLUTE
    __use_no_fp                              0x00000000   Number         0  useno.o ABSOLUTE
    __use_no_heap                            0x00000000   Number         0  useno.o ABSOLUTE
    __use_no_heap_region                     0x00000000   Number         0  useno.o ABSOLUTE
    __use_no_semihosting                     0x00000000   Number         0  useno.o ABSOLUTE
    __use_no_semihosting_swi                 0x00000000   Number         0  useno.o ABSOLUTE
    __use_no_signal_handling                 0x00000000   Number         0  useno.o ABSOLUTE
    __cpp_initialize__aeabi_                  - Undefined Weak Reference
    __cxa_finalize                            - Undefined Weak Reference
    _clock_init                               - Undefined Weak Reference
    _microlib_exit                            - Undefined Weak Reference
    __Vectors_Size                           0x00000130   Number         0  startup_stm32f10x_hd.o ABSOLUTE
    __Vectors                                0x08000000   Data           4  startup_stm32f10x_hd.o(RESET)
    __Vectors_End                            0x08000130   Data           0  startup_stm32f10x_hd.o(RESET)
    __main                                   0x08000131   Thumb Code     0  entry.o(.ARM.Collect$$$$00000000)
    _main_stk                                0x08000131   Thumb Code     0  entry2.o(.ARM.Collect$$$$00000001)
    _main_scatterload                        0x08000135   Thumb Code     0  entry5.o(.ARM.Collect$$$$00000004)
    __main_after_scatterload                 0x08000139   Thumb Code     0  entry5.o(.ARM.Collect$$$$00000004)
    _main_clock                              0x08000139   Thumb Code     0  entry7b.o(.ARM.Collect$$$$00000008)
    _main_cpp_init                           0x08000139   Thumb Code     0  entry8b.o(.ARM.Collect$$$$0000000A)
    _main_init                               0x08000139   Thumb Code     0  entry9a.o(.ARM.Collect$$$$0000000B)
    __rt_final_cpp                           0x08000141   Thumb Code     0  entry10a.o(.ARM.Collect$$$$0000000D)
    __rt_final_exit                          0x08000141   Thumb Code     0  entry11a.o(.ARM.Collect$$$$0000000F)
    Reset_Handler                            0x08000145   Thumb Code     8  startup_stm32f10x_hd.o(.text)
    ADC1_2_IRQHandler                        0x0800015f   Thumb Code     0  startup_stm32f10x_hd.o(.text)
    ADC3_IRQHandler                          0x0800015f   Thumb Code     0  startup_stm32f10x_hd.o(.text)
    CAN1_RX1_IRQHandler                      0x0800015f   Thumb Code     0  startup_stm32f10x_hd.o(.text)
    CAN1_SCE_IRQHandler                      0x0800015f   Thumb Code     0  startup_stm32f10x_hd.o(.text)
    DMA1_Channel1_IRQHandler                 0x0800015f   Thumb Code     0  startup_stm32f10x_hd.o(.text)
    DMA1_Channel2_IRQHandler                 0x0800015f   Thumb Code     0  startup_stm32f10x_hd.o(.text)
    DMA1_Channel3_IRQHandler                 0x0800015f   Thumb Code     0  startup_stm32f10x_hd.o(.text)
    DMA1_Channel4_IRQHandler                 0x0800015f   Thumb Code     0  startup_stm32f10x_hd.o(.text)
    DMA1_Channel5_IRQHandler                 0x0800015f   Thumb Code     0  startup_stm32f10x_hd.o(.text)
    DMA1_Channel6_IRQHandler                 0x0800015f   Thumb Code     0  startup_stm32f10x_hd.o(.text)
    DMA1_Channel7_IRQHandler                 0x0800015f   Thumb Code     0  startup_stm32f10x_hd.o(.text)
    DMA2_Channel1_IRQHandler                 0x0800015f   Thumb Code     0  startup_stm32f10x_hd.o(.text)
    DMA2_Channel2_IRQHandler                 0x0800015f   Thumb Code     0  startup_stm32f10x_hd.o(.text)
    DMA2_Channel3_IRQHandler                 0x0800015f   Thumb Code     0  startup_stm32f10x_hd.o(.text)
    DMA2_Channel4_5_IRQHandler               0x0800015f   Thumb Code     0  startup_stm32f10x_hd.o(.text)
    EXTI0_IRQHandler                         0x0800015f   Thumb Code     0  startup_stm32f10x_hd.o(.text)
    EXTI1_IRQHandler                         0x0800015f   Thumb Code     0  startup_stm32f10x_hd.o(.text)
    EXTI2_IRQHandler                         0x0800015f   Thumb Code     0  startup_stm32f10x_hd.o(.text)
    EXTI3_IRQHandler                         0x0800015f   Thumb Code     0  startup_stm32f10x_hd.o(.text)
    EXTI4_IRQHandler                         0x0800015f   Thumb Code     0  startup_stm32f10x_hd.o(.text)
    FLASH_IRQHandler                         0x0800015f   Thumb Code     0  startup_stm32f10x_hd.o(.text)
    FSMC_IRQHandler                          0x0800015f   Thumb Code     0  startup_stm32f10x_hd.o(.text)
    I2C1_ER_IRQHandler                       0x0800015f   Thumb Code     0  startup_stm32f10x_hd.o(.text)
    I2C1_EV_IRQHandler                       0x0800015f   Thumb Code     0  startup_stm32f10x_hd.o(.text)
    I2C2_ER_IRQHandler                       0x0800015f   Thumb Code     0  startup_stm32f10x_hd.o(.text)
    I2C2_EV_IRQHandler                       0x0800015f   Thumb Code     0  startup_stm32f10x_hd.o(.text)
    PVD_IRQHandler                           0x0800015f   Thumb Code     0  startup_stm32f10x_hd.o(.text)
    RCC_IRQHandler                           0x0800015f   Thumb Code     0  startup_stm32f10x_hd.o(.text)
    RTCAlarm_IRQHandler                      0x0800015f   Thumb Code     0  startup_stm32f10x_hd.o(.text)
    RTC_IRQHandler                           0x0800015f   Thumb Code     0  startup_stm32f10x_hd.o(.text)
    SDIO_IRQHandler                          0x0800015f   Thumb Code     0  startup_stm32f10x_hd.o(.text)
    SPI1_IRQHandler                          0x0800015f   Thumb Code     0  startup_stm32f10x_hd.o(.text)
    SPI2_IRQHandler                          0x0800015f   Thumb Code     0  startup_stm32f10x_hd.o(.text)
    SPI3_IRQHandler                          0x0800015f   Thumb Code     0  startup_stm32f10x_hd.o(.text)
    TAMPER_IRQHandler                        0x0800015f   Thumb Code     0  startup_stm32f10x_hd.o(.text)
    TIM1_BRK_IRQHandler                      0x0800015f   Thumb Code     0  startup_stm32f10x_hd.o(.text)
    TIM1_CC_IRQHandler                       0x0800015f   Thumb Code     0  startup_stm32f10x_hd.o(.text)
    TIM1_TRG_COM_IRQHandler                  0x0800015f   Thumb Code     0  startup_stm32f10x_hd.o(.text)
    TIM1_UP_IRQHandler                       0x0800015f   Thumb Code     0  startup_stm32f10x_hd.o(.text)
    TIM4_IRQHandler                          0x0800015f   Thumb Code     0  startup_stm32f10x_hd.o(.text)
    TIM5_IRQHandler                          0x0800015f   Thumb Code     0  startup_stm32f10x_hd.o(.text)
    TIM6_IRQHandler                          0x0800015f   Thumb Code     0  startup_stm32f10x_hd.o(.text)
    TIM7_IRQHandler                          0x0800015f   Thumb Code     0  startup_stm32f10x_hd.o(.text)
    TIM8_BRK_IRQHandler                      0x0800015f   Thumb Code     0  startup_stm32f10x_hd.o(.text)
    TIM8_CC_IRQHandler                       0x0800015f   Thumb Code     0  startup_stm32f10x_hd.o(.text)
    TIM8_TRG_COM_IRQHandler                  0x0800015f   Thumb Code     0  startup_stm32f10x_hd.o(.text)
    TIM8_UP_IRQHandler                       0x0800015f   Thumb Code     0  startup_stm32f10x_hd.o(.text)
    UART4_IRQHandler                         0x0800015f   Thumb Code     0  startup_stm32f10x_hd.o(.text)
    UART5_IRQHandler                         0x0800015f   Thumb Code     0  startup_stm32f10x_hd.o(.text)
    USART2_IRQHandler                        0x0800015f   Thumb Code     0  startup_stm32f10x_hd.o(.text)
    USBWakeUp_IRQHandler                     0x0800015f   Thumb Code     0  startup_stm32f10x_hd.o(.text)
    USB_HP_CAN1_TX_IRQHandler                0x0800015f   Thumb Code     0  startup_stm32f10x_hd.o(.text)
    USB_LP_CAN1_RX0_IRQHandler               0x0800015f   Thumb Code     0  startup_stm32f10x_hd.o(.text)
    WWDG_IRQHandler                          0x0800015f   Thumb Code     0  startup_stm32f10x_hd.o(.text)
    main                                     0x08000169   Thumb Code  1268  main.o(.text)
    NMI_Handler                              0x08000689   Thumb Code     2  stm32f10x_it.o(.text)
    HardFault_Handler                        0x0800068b   Thumb Code     4  stm32f10x_it.o(.text)
    MemManage_Handler                        0x0800068f   Thumb Code     4  stm32f10x_it.o(.text)
    BusFault_Handler                         0x08000693   Thumb Code     4  stm32f10x_it.o(.text)
    UsageFault_Handler                       0x08000697   Thumb Code     4  stm32f10x_it.o(.text)
    SVC_Handler                              0x0800069b   Thumb Code     2  stm32f10x_it.o(.text)
    DebugMon_Handler                         0x0800069d   Thumb Code     2  stm32f10x_it.o(.text)
    PendSV_Handler                           0x0800069f   Thumb Code     2  stm32f10x_it.o(.text)
    USART1_IRQHandler                        0x080006a1   Thumb Code    72  stm32f10x_it.o(.text)
    USART3_IRQHandler                        0x080006e9   Thumb Code   108  stm32f10x_it.o(.text)
    EXTI9_5_IRQHandler                       0x08000755   Thumb Code    24  stm32f10x_it.o(.text)
    EXTI15_10_IRQHandler                     0x0800076d   Thumb Code    22  stm32f10x_it.o(.text)
    TIM2_IRQHandler                          0x08000783   Thumb Code    76  stm32f10x_it.o(.text)
    TIM3_IRQHandler                          0x080007cf   Thumb Code    28  stm32f10x_it.o(.text)
    TIM_PWM_Init                             0x08000a01   Thumb Code    20  pwm_output.o(.text)
    SysTick_Init                             0x08000a31   Thumb Code   108  systick.o(.text)
    Delay_ms                                 0x08000a9d   Thumb Code    36  systick.o(.text)
    SysTick_Handler                          0x08000ac1   Thumb Code    18  systick.o(.text)
    USART1_Config                            0x08000ae5   Thumb Code   126  usart1.o(.text)
    USART3_Config                            0x08000b63   Thumb Code   140  usart1.o(.text)
    NVIC_Configuration                       0x08000bef   Thumb Code   156  usart1.o(.text)
    TIM3_Configuration                       0x08000c9d   Thumb Code    84  time_test.o(.text)
    NRF24L01_Init                            0x0800101f   Thumb Code    30  nrf24l01.o(.text)
    RCC_Configuration                        0x08001069   Thumb Code   100  sys.o(.text)
    GPIO_Configuration                       0x080010cd   Thumb Code    46  sys.o(.text)
    RCC_DeInit                               0x08001101   Thumb Code    64  stm32f10x_rcc.o(.text)
    RCC_HSEConfig                            0x08001141   Thumb Code    70  stm32f10x_rcc.o(.text)
    RCC_GetFlagStatus                        0x08001187   Thumb Code    56  stm32f10x_rcc.o(.text)
    RCC_WaitForHSEStartUp                    0x080011bf   Thumb Code    56  stm32f10x_rcc.o(.text)
    RCC_PLLConfig                            0x080011f7   Thumb Code    24  stm32f10x_rcc.o(.text)
    RCC_PLLCmd                               0x0800120f   Thumb Code     6  stm32f10x_rcc.o(.text)
    RCC_SYSCLKConfig                         0x08001215   Thumb Code    18  stm32f10x_rcc.o(.text)
    RCC_GetSYSCLKSource                      0x08001227   Thumb Code    10  stm32f10x_rcc.o(.text)
    RCC_HCLKConfig                           0x08001231   Thumb Code    18  stm32f10x_rcc.o(.text)
    RCC_PCLK1Config                          0x08001243   Thumb Code    18  stm32f10x_rcc.o(.text)
    RCC_PCLK2Config                          0x08001255   Thumb Code    20  stm32f10x_rcc.o(.text)
    RCC_GetClocksFreq                        0x08001269   Thumb Code   192  stm32f10x_rcc.o(.text)
    RCC_APB2PeriphClockCmd                   0x08001329   Thumb Code    26  stm32f10x_rcc.o(.text)
    RCC_APB1PeriphClockCmd                   0x08001343   Thumb Code    26  stm32f10x_rcc.o(.text)
    RCC_APB2PeriphResetCmd                   0x0800135d   Thumb Code    26  stm32f10x_rcc.o(.text)
    RCC_APB1PeriphResetCmd                   0x08001377   Thumb Code    26  stm32f10x_rcc.o(.text)
    GPIO_Init                                0x080013b1   Thumb Code   274  stm32f10x_gpio.o(.text)
    GPIO_EXTILineConfig                      0x080014c3   Thumb Code    60  stm32f10x_gpio.o(.text)
    TIM_DeInit                               0x08001505   Thumb Code   424  stm32f10x_tim.o(.text)
    TIM_TimeBaseInit                         0x080016ad   Thumb Code   122  stm32f10x_tim.o(.text)
    TIM_OC1Init                              0x08001727   Thumb Code   132  stm32f10x_tim.o(.text)
    TIM_OC2Init                              0x080017ab   Thumb Code   154  stm32f10x_tim.o(.text)
    TIM_OC3Init                              0x08001845   Thumb Code   150  stm32f10x_tim.o(.text)
    TIM_OC4Init                              0x080018db   Thumb Code   182  stm32f10x_tim.o(.text)
    TIM_Cmd                                  0x08001b7b   Thumb Code    24  stm32f10x_tim.o(.text)
    TIM_ITConfig                             0x08001b93   Thumb Code    18  stm32f10x_tim.o(.text)
    TIM_ARRPreloadConfig                     0x08001ba5   Thumb Code    24  stm32f10x_tim.o(.text)
    TIM_OC1PreloadConfig                     0x08001bbd   Thumb Code    18  stm32f10x_tim.o(.text)
    TIM_OC2PreloadConfig                     0x08001bcf   Thumb Code    26  stm32f10x_tim.o(.text)
    TIM_OC3PreloadConfig                     0x08001be9   Thumb Code    18  stm32f10x_tim.o(.text)
    TIM_OC4PreloadConfig                     0x08001bfb   Thumb Code    26  stm32f10x_tim.o(.text)
    TIM_SetCompare2                          0x08001c15   Thumb Code     4  stm32f10x_tim.o(.text)
    TIM_ClearFlag                            0x08001c19   Thumb Code     6  stm32f10x_tim.o(.text)
    TIM_GetITStatus                          0x08001c1f   Thumb Code    34  stm32f10x_tim.o(.text)
    TIM_ClearITPendingBit                    0x08001c41   Thumb Code     6  stm32f10x_tim.o(.text)
    NVIC_PriorityGroupConfig                 0x08001c5d   Thumb Code    10  misc.o(.text)
    NVIC_Init                                0x08001c67   Thumb Code   102  misc.o(.text)
    USART_Init                               0x08001cdd   Thumb Code   210  stm32f10x_usart.o(.text)
    USART_Cmd                                0x08001daf   Thumb Code    24  stm32f10x_usart.o(.text)
    USART_ITConfig                           0x08001dc7   Thumb Code    74  stm32f10x_usart.o(.text)
    USART_ReceiveData                        0x08001e11   Thumb Code    10  stm32f10x_usart.o(.text)
    USART_ClearFlag                          0x08001e1b   Thumb Code    18  stm32f10x_usart.o(.text)
    USART_GetITStatus                        0x08001e2d   Thumb Code    84  stm32f10x_usart.o(.text)
    USART_ClearITPendingBit                  0x08001e81   Thumb Code    30  stm32f10x_usart.o(.text)
    EXTI_Init                                0x08001ea5   Thumb Code   142  stm32f10x_exti.o(.text)
    EXTI_GetITStatus                         0x08001f33   Thumb Code    34  stm32f10x_exti.o(.text)
    EXTI_ClearITPendingBit                   0x08001f55   Thumb Code     8  stm32f10x_exti.o(.text)
    SPI_Init                                 0x08001f61   Thumb Code    60  stm32f10x_spi.o(.text)
    SPI_Cmd                                  0x08001f9d   Thumb Code    24  stm32f10x_spi.o(.text)
    SPI_I2S_SendData                         0x08001fb5   Thumb Code     4  stm32f10x_spi.o(.text)
    SPI_I2S_ReceiveData                      0x08001fb9   Thumb Code     6  stm32f10x_spi.o(.text)
    SPI_I2S_GetFlagStatus                    0x08001fbf   Thumb Code    18  stm32f10x_spi.o(.text)
    FLASH_SetLatency                         0x08001fd1   Thumb Code    18  stm32f10x_flash.o(.text)
    FLASH_PrefetchBufferCmd                  0x08001fe3   Thumb Code    22  stm32f10x_flash.o(.text)
    SystemInit                               0x080020d9   Thumb Code    78  system_stm32f10x.o(.text)
    __aeabi_fadd                             0x0800213d   Thumb Code   164  fadd.o(.text)
    __aeabi_fsub                             0x080021e1   Thumb Code     6  fadd.o(.text)
    __aeabi_frsub                            0x080021e7   Thumb Code     6  fadd.o(.text)
    __aeabi_fmul                             0x080021ed   Thumb Code   108  fmul.o(.text)
    __aeabi_fdiv                             0x08002259   Thumb Code   128  fdiv.o(.text)
    __aeabi_dadd                             0x080022d9   Thumb Code   322  dadd.o(.text)
    __aeabi_dsub                             0x0800241b   Thumb Code     6  dadd.o(.text)
    __aeabi_drsub                            0x08002421   Thumb Code     6  dadd.o(.text)
    __aeabi_dmul                             0x08002427   Thumb Code   228  dmul.o(.text)
    __aeabi_ddiv                             0x0800250b   Thumb Code   222  ddiv.o(.text)
    __aeabi_i2d                              0x080025e9   Thumb Code    34  dflti.o(.text)
    __aeabi_d2iz                             0x0800260b   Thumb Code    62  dfixi.o(.text)
    __aeabi_f2d                              0x08002649   Thumb Code    38  f2d.o(.text)
    __aeabi_d2f                              0x0800266f   Thumb Code    56  d2f.o(.text)
    __aeabi_cfcmpeq                          0x080026a9   Thumb Code     0  cfcmple.o(.text)
    __aeabi_cfcmple                          0x080026a9   Thumb Code    20  cfcmple.o(.text)
    __aeabi_cfrcmple                         0x080026bd   Thumb Code    20  cfrcmple.o(.text)
    __aeabi_llsl                             0x080026d1   Thumb Code    30  llshl.o(.text)
    _ll_shift_l                              0x080026d1   Thumb Code     0  llshl.o(.text)
    __aeabi_llsr                             0x080026ef   Thumb Code    32  llushr.o(.text)
    _ll_ushift_r                             0x080026ef   Thumb Code     0  llushr.o(.text)
    __aeabi_lasr                             0x0800270f   Thumb Code    36  llsshr.o(.text)
    _ll_sshift_r                             0x0800270f   Thumb Code     0  llsshr.o(.text)
    __I$use$fp                               0x08002733   Thumb Code     0  iusefp.o(.text)
    _float_round                             0x08002733   Thumb Code    18  fepilogue.o(.text)
    _float_epilogue                          0x08002745   Thumb Code    90  fepilogue.o(.text)
    _double_round                            0x0800279f   Thumb Code    26  depilogue.o(.text)
    _double_epilogue                         0x080027b9   Thumb Code   164  depilogue.o(.text)
    __scatterload                            0x0800285d   Thumb Code    28  init.o(.text)
    __scatterload_rt2                        0x0800285d   Thumb Code     0  init.o(.text)
    __decompress                             0x08002881   Thumb Code     0  __dczerorl2.o(.text)
    __decompress1                            0x08002881   Thumb Code    92  __dczerorl2.o(.text)
    __scatterload_copy                       0x080028dd   Thumb Code    14  handlers.o(i.__scatterload_copy)
    __scatterload_null                       0x080028eb   Thumb Code     2  handlers.o(i.__scatterload_null)
    __scatterload_zeroinit                   0x080028ed   Thumb Code    14  handlers.o(i.__scatterload_zeroinit)
    TX_ADDRESS                               0x080028fa   Data           5  nrf24l01.o(.constdata)
    RX_ADDRESS                               0x080028ff   Data           5  nrf24l01.o(.constdata)
    Region$$Table$$Base                      0x08002904   Number         0  anon$$obj.o(Region$$Table)
    Region$$Table$$Limit                     0x08002924   Number         0  anon$$obj.o(Region$$Table)
    En_Counter1                              0x20000000   Data           4  main.o(.data)
    En_Counter2                              0x20000004   Data           4  main.o(.data)
    TIMCompare1                              0x20000008   Data           2  main.o(.data)
    velocity6                                0x20000028   Data           8  main.o(.data)
    velocity7                                0x20000030   Data           8  main.o(.data)
    velocity8                                0x20000038   Data           8  main.o(.data)
    velocity9                                0x20000040   Data           8  main.o(.data)
    OUT9                                     0x20000048   Data           4  main.o(.data)
    OUT8                                     0x2000004c   Data           4  main.o(.data)
    OUT7                                     0x20000050   Data           4  main.o(.data)
    OUT6                                     0x20000054   Data           4  main.o(.data)
    OUT5                                     0x20000058   Data           4  main.o(.data)
    OUT4                                     0x2000005c   Data           4  main.o(.data)
    OUT3                                     0x20000060   Data           4  main.o(.data)
    OUT2                                     0x20000064   Data           4  main.o(.data)
    Motion_angle1                            0x20000068   Data           4  main.o(.data)
    Motion_angle5                            0x2000006c   Data           4  main.o(.data)
    tail_angle                               0x20000070   Data           4  main.o(.data)
    head_angle                               0x20000074   Data           4  main.o(.data)
    head_angle_1                             0x20000078   Data           4  main.o(.data)
    head_angle_2                             0x2000007c   Data           4  main.o(.data)
    head_angle_add                           0x20000080   Data           4  main.o(.data)
    speed                                    0x20000084   Data           4  main.o(.data)
    Output1                                  0x20000088   Data           4  main.o(.data)
    Output2                                  0x2000008c   Data           4  main.o(.data)
    Output3                                  0x20000090   Data           4  main.o(.data)
    Output4                                  0x20000094   Data           4  main.o(.data)
    Output5                                  0x20000098   Data           4  main.o(.data)
    Output6                                  0x2000009c   Data           4  main.o(.data)
    Output7                                  0x200000a0   Data           4  main.o(.data)
    Output8                                  0x200000a4   Data           4  main.o(.data)
    Output9                                  0x200000a8   Data           4  main.o(.data)
    EncFullFlag                              0x200000ac   Data           1  main.o(.data)
    A                                        0x200000b0   Data           4  main.o(.data)
    t                                        0x200000b4   Data           4  main.o(.data)
    dett                                     0x200000b8   Data           4  main.o(.data)
    f                                        0x200000bc   Data           4  main.o(.data)
    array                                    0x200000c0   Data          32  main.o(.data)
    ar                                       0x200000e0   Data           1  main.o(.data)
    ta                                       0x200000e1   Data           1  main.o(.data)
    aa                                       0x200000e2   Data           1  main.o(.data)
    timeflag                                 0x200000e4   Data           4  main.o(.data)
    T                                        0x200000e8   Data           4  main.o(.data)
    time                                     0x200000ec   Data           4  main.o(.data)
    cyc_num                                  0x200000f0   Data           2  stm32f10x_it.o(.data)
    num                                      0x200000f2   Data           2  stm32f10x_it.o(.data)
    counter                                  0x200000f4   Data           1  stm32f10x_it.o(.data)
    flag                                     0x200000f5   Data           1  stm32f10x_it.o(.data)
    control                                  0x200000f6   Data           4  stm32f10x_it.o(.data)
    number                                   0x200000fa   Data           1  stm32f10x_it.o(.data)
    pulse_num                                0x200000fc   Data           2  stm32f10x_it.o(.data)
    En_Counter0                              0x200000fe   Data           2  stm32f10x_it.o(.data)
    sign                                     0x20000100   Data           1  stm32f10x_it.o(.data)
    he                                       0x20000101   Data           1  stm32f10x_it.o(.data)
    CCR1_Val                                 0x20000102   Data           2  pwm_output.o(.data)
    CCR2_Val                                 0x20000104   Data           2  pwm_output.o(.data)
    CCR3_Val                                 0x20000106   Data           2  pwm_output.o(.data)
    CCR4_Val                                 0x20000108   Data           2  pwm_output.o(.data)
    TimingDelay                              0x2000010c   Data           4  systick.o(.data)
    SystemCoreClock                          0x20000124   Data           4  system_stm32f10x.o(.data)
    AHBPrescTable                            0x20000128   Data          16  system_stm32f10x.o(.data)
    a                                        0x20000138   Data          12  main.o(.bss)
    w                                        0x20000144   Data          12  main.o(.bss)
    angle                                    0x20000150   Data          12  main.o(.bss)
    Re_buf                                   0x2000015c   Data          11  stm32f10x_it.o(.bss)
    temp_buf                                 0x20000167   Data          11  stm32f10x_it.o(.bss)
    __initial_sp                             0x20000580   Data           0  startup_stm32f10x_hd.o(STACK)



==============================================================================

Memory Map of the image

  Image Entry point : 0x08000131

  Load Region LR_IROM1 (Base: 0x08000000, Size: 0x00002a5c, Max: 0x00010000, ABSOLUTE, COMPRESSED[0x0000296c])

    Execution Region ER_IROM1 (Base: 0x08000000, Size: 0x00002924, Max: 0x00010000, ABSOLUTE)

    Base Addr    Size         Type   Attr      Idx    E Section Name        Object

    0x08000000   0x00000130   Data   RO            3    RESET               startup_stm32f10x_hd.o
    0x08000130   0x00000000   Code   RO         1499  * .ARM.Collect$$$$00000000  mc_w.l(entry.o)
    0x08000130   0x00000004   Code   RO         1530    .ARM.Collect$$$$00000001  mc_w.l(entry2.o)
    0x08000134   0x00000004   Code   RO         1533    .ARM.Collect$$$$00000004  mc_w.l(entry5.o)
    0x08000138   0x00000000   Code   RO         1535    .ARM.Collect$$$$00000008  mc_w.l(entry7b.o)
    0x08000138   0x00000000   Code   RO         1537    .ARM.Collect$$$$0000000A  mc_w.l(entry8b.o)
    0x08000138   0x00000008   Code   RO         1538    .ARM.Collect$$$$0000000B  mc_w.l(entry9a.o)
    0x08000140   0x00000000   Code   RO         1540    .ARM.Collect$$$$0000000D  mc_w.l(entry10a.o)
    0x08000140   0x00000000   Code   RO         1542    .ARM.Collect$$$$0000000F  mc_w.l(entry11a.o)
    0x08000140   0x00000004   Code   RO         1531    .ARM.Collect$$$$00002712  mc_w.l(entry2.o)
    0x08000144   0x00000024   Code   RO            4    .text               startup_stm32f10x_hd.o
    0x08000168   0x00000520   Code   RO           10    .text               main.o
    0x08000688   0x00000198   Code   RO          105    .text               stm32f10x_it.o
    0x08000820   0x00000210   Code   RO          135    .text               pwm_output.o
    0x08000a30   0x000000b4   Code   RO          178    .text               systick.o
    0x08000ae4   0x000001b8   Code   RO          199    .text               usart1.o
    0x08000c9c   0x00000058   Code   RO          252    .text               time_test.o
    0x08000cf4   0x00000374   Code   RO          264    .text               nrf24l01.o
    0x08001068   0x00000098   Code   RO          299    .text               sys.o
    0x08001100   0x000002b0   Code   RO          311    .text               stm32f10x_rcc.o
    0x080013b0   0x00000154   Code   RO          423    .text               stm32f10x_gpio.o
    0x08001504   0x00000758   Code   RO          529    .text               stm32f10x_tim.o
    0x08001c5c   0x00000080   Code   RO          961    .text               misc.o
    0x08001cdc   0x000001c8   Code   RO          992    .text               stm32f10x_usart.o
    0x08001ea4   0x000000bc   Code   RO         1136    .text               stm32f10x_exti.o
    0x08001f60   0x00000070   Code   RO         1178    .text               stm32f10x_spi.o
    0x08001fd0   0x0000002c   Code   RO         1297    .text               stm32f10x_flash.o
    0x08001ffc   0x00000140   Code   RO         1475    .text               system_stm32f10x.o
    0x0800213c   0x000000b0   Code   RO         1502    .text               mf_w.l(fadd.o)
    0x080021ec   0x0000006c   Code   RO         1504    .text               mf_w.l(fmul.o)
    0x08002258   0x00000080   Code   RO         1506    .text               mf_w.l(fdiv.o)
    0x080022d8   0x0000014e   Code   RO         1508    .text               mf_w.l(dadd.o)
    0x08002426   0x000000e4   Code   RO         1510    .text               mf_w.l(dmul.o)
    0x0800250a   0x000000de   Code   RO         1512    .text               mf_w.l(ddiv.o)
    0x080025e8   0x00000022   Code   RO         1516    .text               mf_w.l(dflti.o)
    0x0800260a   0x0000003e   Code   RO         1518    .text               mf_w.l(dfixi.o)
    0x08002648   0x00000026   Code   RO         1522    .text               mf_w.l(f2d.o)
    0x0800266e   0x00000038   Code   RO         1524    .text               mf_w.l(d2f.o)
    0x080026a6   0x00000002   PAD
    0x080026a8   0x00000014   Code   RO         1526    .text               mf_w.l(cfcmple.o)
    0x080026bc   0x00000014   Code   RO         1528    .text               mf_w.l(cfrcmple.o)
    0x080026d0   0x0000001e   Code   RO         1544    .text               mc_w.l(llshl.o)
    0x080026ee   0x00000020   Code   RO         1546    .text               mc_w.l(llushr.o)
    0x0800270e   0x00000024   Code   RO         1548    .text               mc_w.l(llsshr.o)
    0x08002732   0x00000000   Code   RO         1550    .text               mc_w.l(iusefp.o)
    0x08002732   0x0000006c   Code   RO         1551    .text               mf_w.l(fepilogue.o)
    0x0800279e   0x000000be   Code   RO         1553    .text               mf_w.l(depilogue.o)
    0x0800285c   0x00000024   Code   RO         1555    .text               mc_w.l(init.o)
    0x08002880   0x0000005c   Code   RO         1565    .text               mc_w.l(__dczerorl2.o)
    0x080028dc   0x0000000e   Code   RO         1559    i.__scatterload_copy  mc_w.l(handlers.o)
    0x080028ea   0x00000002   Code   RO         1560    i.__scatterload_null  mc_w.l(handlers.o)
    0x080028ec   0x0000000e   Code   RO         1561    i.__scatterload_zeroinit  mc_w.l(handlers.o)
    0x080028fa   0x0000000a   Data   RO          267    .constdata          nrf24l01.o
    0x08002904   0x00000020   Data   RO         1557    Region$$Table       anon$$obj.o


    Execution Region RW_IRAM1 (Base: 0x20000000, Size: 0x00000580, Max: 0x00005000, ABSOLUTE, COMPRESSED[0x00000048])

    Base Addr    Size         Type   Attr      Idx    E Section Name        Object

    0x20000000   0x000000f0   Data   RW           12    .data               main.o
    0x200000f0   0x00000012   Data   RW          107    .data               stm32f10x_it.o
    0x20000102   0x00000008   Data   RW          137    .data               pwm_output.o
    0x2000010a   0x00000002   PAD
    0x2000010c   0x00000004   Data   RW          179    .data               systick.o
    0x20000110   0x00000014   Data   RW          328    .data               stm32f10x_rcc.o
    0x20000124   0x00000014   Data   RW         1477    .data               system_stm32f10x.o
    0x20000138   0x00000024   Zero   RW           11    .bss                main.o
    0x2000015c   0x00000021   Zero   RW          106    .bss                stm32f10x_it.o
    0x2000017d   0x00000003   PAD
    0x20000180   0x00000400   Zero   RW            1    STACK               startup_stm32f10x_hd.o


==============================================================================

Image component sizes


      Code (inc. data)   RO Data    RW Data    ZI Data      Debug   Object Name

      1312        160          0        240         36     258116   main.o
       128         16          0          0          0       1245   misc.o
       884         44         10          0          0      10944   nrf24l01.o
       528         28          0          8          0       1713   pwm_output.o
        36          8        304          0       1024        820   startup_stm32f10x_hd.o
       188          4          0          0          0       1416   stm32f10x_exti.o
        44          4          0          0          0        727   stm32f10x_flash.o
       340          6          0          0          0       2204   stm32f10x_gpio.o
       408         54          0         18         33       3802   stm32f10x_it.o
       688         32          0         20          0       6318   stm32f10x_rcc.o
       112          0          0          0          0       2410   stm32f10x_spi.o
      1880         88          0          0          0       7012   stm32f10x_tim.o
       456          6          0          0          0       4030   stm32f10x_usart.o
       152          6          0          0          0        739   sys.o
       320         22          0         20          0       1601   system_stm32f10x.o
       180         18          0          4          0      16661   systick.o
        88          4          0          0          0        537   time_test.o
       440         18          0          0          0       1149   usart1.o

    ----------------------------------------------------------------------
      8184        518        346        312       1096     321444   Object Totals
         0          0         32          0          0          0   (incl. Generated)
         0          0          0          2          3          0   (incl. Padding)

    ----------------------------------------------------------------------

      Code (inc. data)   RO Data    RW Data    ZI Data      Debug   Library Member Name

        92          0          0          0          0          0   __dczerorl2.o
         0          0          0          0          0          0   entry.o
         0          0          0          0          0          0   entry10a.o
         0          0          0          0          0          0   entry11a.o
         8          4          0          0          0          0   entry2.o
         4          0          0          0          0          0   entry5.o
         0          0          0          0          0          0   entry7b.o
         0          0          0          0          0          0   entry8b.o
         8          4          0          0          0          0   entry9a.o
        30          0          0          0          0          0   handlers.o
        36          8          0          0          0         68   init.o
         0          0          0          0          0          0   iusefp.o
        30          0          0          0          0         68   llshl.o
        36          0          0          0          0         68   llsshr.o
        32          0          0          0          0         68   llushr.o
        20          0          0          0          0         68   cfcmple.o
        20          0          0          0          0         68   cfrcmple.o
        56          0          0          0          0         88   d2f.o
       334          0          0          0          0        148   dadd.o
       222          0          0          0          0        100   ddiv.o
       190          0          0          0          0        176   depilogue.o
        62          0          0          0          0         80   dfixi.o
        34          0          0          0          0         76   dflti.o
       228          0          0          0          0         96   dmul.o
        38          0          0          0          0         68   f2d.o
       176          0          0          0          0        140   fadd.o
       128          0          0          0          0         88   fdiv.o
       108          0          0          0          0        168   fepilogue.o
       108          0          0          0          0         76   fmul.o

    ----------------------------------------------------------------------
      2002         16          0          0          0       1712   Library Totals
         2          0          0          0          0          0   (incl. Padding)

    ----------------------------------------------------------------------

      Code (inc. data)   RO Data    RW Data    ZI Data      Debug   Library Name

       276         16          0          0          0        272   mc_w.l
      1724          0          0          0          0       1440   mf_w.l

    ----------------------------------------------------------------------
      2002         16          0          0          0       1712   Library Totals

    ----------------------------------------------------------------------

==============================================================================


      Code (inc. data)   RO Data    RW Data    ZI Data      Debug   

     10186        534        346        312       1096     321024   Grand Totals
     10186        534        346         72       1096     321024   ELF Image Totals (compressed)
     10186        534        346         72          0          0   ROM Totals

==============================================================================

    Total RO  Size (Code + RO Data)                10532 (  10.29kB)
    Total RW  Size (RW Data + ZI Data)              1408 (   1.38kB)
    Total ROM Size (Code + RO Data + RW Data)      10604 (  10.36kB)

==============================================================================

