<html>
<body>
<pre>
<h1>礦ision Build Log</h1>
<h2>Project:</h2>
E:\[001]2018课业相关资料\001飞鼠文件资料\002-下位机算法设计\002-PID稳定调节\USER\STM32-DEMO.uvproj
Project File Date:  05/13/2018

<h2>Output:</h2>
Build target 'Target 1'
Clean started - Project: 'STM32-DEMO'
   deleting intermediate output files for target 'Target 1'
assembling startup_stm32f10x_hd.s...
compiling main.c...
main.c(180): warning:  #111-D: statement is unreachable
                        Delay_ms(150);
main.c(47): warning:  #177-D: variable "tail_stab" was declared but never referenced
  static float tail_stab=0.00;
main.c: 2 warnings, 0 errors
compiling stm32f10x_it.c...
compiling pwm_output.c...
compiling Encoder.c...
compiling SysTick.c...
compiling usart1.c...
compiling exti.c...
compiling led.c...
compiling Time_test.c...
compiling nrf24l01.c...
nrf24l01.c(300): warning:  #550-D: variable "i" was set but never used
        u8 i = 2;
nrf24l01.c(176): warning:  #177-D: function "NRF_GetStatus" was declared but never referenced
  static u8 NRF_GetStatus(void)
nrf24l01.c(208): warning:  #177-D: function "NRF24L01_TX_Mode" was declared but never referenced
  static void NRF24L01_TX_Mode(void)
nrf24l01.c: 3 warnings, 0 errors
compiling sys.c...
compiling stm32f10x_rcc.c...
compiling stm32f10x_gpio.c...
compiling stm32f10x_tim.c...
compiling misc.c...
compiling stm32f10x_usart.c...
compiling stm32f10x_exti.c...
compiling stm32f10x_spi.c...
compiling stm32f10x_flash.c...
compiling core_cm3.c...
compiling system_stm32f10x.c...
linking...
Program Size: Code=16142 RO-data=346 RW-data=312 ZI-data=1096  
"..\Output\STM32-DEMO.axf" - 0 Error(s), 5 Warning(s).

*** Performing Cross-Module-Optimization:
compiling pwm_output.c...
compiling Encoder.c...
compiling usart1.c...
compiling exti.c...
compiling led.c...
compiling nrf24l01.c...
nrf24l01.c(300): warning:  #550-D: variable "i" was set but never used
        u8 i = 2;
nrf24l01.c(176): warning:  #177-D: function "NRF_GetStatus" was declared but never referenced
  static u8 NRF_GetStatus(void)
nrf24l01.c(208): warning:  #177-D: function "NRF24L01_TX_Mode" was declared but never referenced
  static void NRF24L01_TX_Mode(void)
nrf24l01.c: 3 warnings, 0 errors
compiling stm32f10x_rcc.c...
compiling stm32f10x_gpio.c...
compiling stm32f10x_tim.c...
compiling misc.c...
compiling stm32f10x_usart.c...
compiling stm32f10x_exti.c...
compiling stm32f10x_spi.c...
compiling stm32f10x_flash.c...
compiling core_cm3.c...
compiling system_stm32f10x.c...
linking...
Program Size: Code=10186 RO-data=346 RW-data=312 ZI-data=1096  
compiling pwm_output.c...
compiling Encoder.c...
compiling usart1.c...
compiling exti.c...
compiling led.c...
compiling nrf24l01.c...
nrf24l01.c(300): warning:  #550-D: variable "i" was set but never used
        u8 i = 2;
nrf24l01.c(176): warning:  #177-D: function "NRF_GetStatus" was declared but never referenced
  static u8 NRF_GetStatus(void)
nrf24l01.c(208): warning:  #177-D: function "NRF24L01_TX_Mode" was declared but never referenced
  static void NRF24L01_TX_Mode(void)
nrf24l01.c: 3 warnings, 0 errors
compiling stm32f10x_rcc.c...
compiling stm32f10x_gpio.c...
compiling stm32f10x_tim.c...
compiling misc.c...
compiling stm32f10x_usart.c...
compiling stm32f10x_exti.c...
compiling stm32f10x_spi.c...
compiling stm32f10x_flash.c...
compiling core_cm3.c...
compiling system_stm32f10x.c...
linking...
Program Size: Code=10186 RO-data=346 RW-data=312 ZI-data=1096  
FromELF: creating hex file...
"..\Output\STM32-DEMO.axf" - 0 Error(s), 3 Warning(s).
*** Completed Cross-Module-Optimization after 3 iteration(s).
Load "..\\Output\\STM32-DEMO.axf" 
Error: Flash Download failed  -  Target DLL has been cancelled
Load "..\\Output\\STM32-DEMO.axf" 
Error: Flash Download failed  -  Target DLL has been cancelled
</pre>
</body>
</html>
