ARM Linker, 5.03 [Build 76] [MDK-ARM Standard]

==============================================================================

Section Cross References

    startup_stm32f10x_hd.o(RESET) refers to startup_stm32f10x_hd.o(STACK) for __initial_sp
    startup_stm32f10x_hd.o(RESET) refers to startup_stm32f10x_hd.o(.text) for Reset_Handler
    startup_stm32f10x_hd.o(RESET) refers to stm32f10x_it.o(.text) for NMI_Handler
    startup_stm32f10x_hd.o(RESET) refers to systick.o(.text) for SysTick_Handler
    startup_stm32f10x_hd.o(RESET) refers to timer.o(.text) for TIM3_IRQHandler
    startup_stm32f10x_hd.o(RESET) refers to exti.o(.text) for EXTI15_10_IRQHandler
    startup_stm32f10x_hd.o(.text) refers to system_stm32f10x.o(.text) for SystemInit
    startup_stm32f10x_hd.o(.text) refers to entry.o(.ARM.Collect$$$$00000000) for __main
    main.o(.text) refers to system_stm32f10x.o(.text) for SystemInit
    main.o(.text) refers to usart1.o(.text) for NVIC_Configuration
    main.o(.text) refers to systick.o(.text) for SysTick_Init
    main.o(.text) refers to exti.o(.text) for EXTIX_Init
    main.o(.text) refers to pwm_output.o(.text) for TIM_PWM_Init
    main.o(.text) refers to time_test.o(.text) for TIM3_Configuration
    main.o(.text) refers to nrf24l01.o(.text) for NRF24L01_Init
    main.o(.text) refers to sys.o(.text) for RCC_Configuration
    main.o(.text) refers to timer.o(.text) for TIM3_Int_Init
    main.o(.text) refers to dflti.o(.text) for __aeabi_i2d
    main.o(.text) refers to ddiv.o(.text) for __aeabi_ddiv
    main.o(.text) refers to dmul.o(.text) for __aeabi_dmul
    main.o(.text) refers to d2f.o(.text) for __aeabi_d2f
    main.o(.text) refers to dadd.o(.text) for __aeabi_dadd
    main.o(.text) refers to fflti.o(.text) for __aeabi_i2f
    main.o(.text) refers to fmul.o(.text) for __aeabi_fmul
    main.o(.text) refers to dfltui.o(.text) for __aeabi_ui2d
    main.o(.text) refers to fadd.o(.text) for __aeabi_fadd
    main.o(.text) refers to fdiv.o(.text) for __aeabi_fdiv
    main.o(.text) refers to cfrcmple.o(.text) for __aeabi_cfrcmple
    main.o(.text) refers to cfcmple.o(.text) for __aeabi_cfcmple
    main.o(.text) refers to stm32f10x_it.o(.data) for sign
    main.o(.text) refers to stm32f10x_it.o(.bss) for Re_buf
    main.o(.text) refers to main.o(.bss) for a
    main.o(.text) refers to main.o(.data) for T
    main.o(.text) refers to exti.o(.data) for EXTI10_cycle
    main.o(.text) refers to f2d.o(.text) for __aeabi_f2d
    main.o(.text) refers to dfixi.o(.text) for __aeabi_d2iz
    main.o(.text) refers to stm32f10x_tim.o(.text) for TIM_SetCompare2
    stm32f10x_it.o(.text) refers to stm32f10x_usart.o(.text) for USART_GetITStatus
    stm32f10x_it.o(.text) refers to stm32f10x_exti.o(.text) for EXTI_GetITStatus
    stm32f10x_it.o(.text) refers to stm32f10x_tim.o(.text) for TIM_GetITStatus
    stm32f10x_it.o(.text) refers to stm32f10x_it.o(.data) for control
    stm32f10x_it.o(.text) refers to stm32f10x_it.o(.bss) for Temp
    stm32f10x_it.o(.text) refers to main.o(.data) for aa
    pwm_output.o(.text) refers to stm32f10x_rcc.o(.text) for RCC_APB1PeriphClockCmd
    pwm_output.o(.text) refers to stm32f10x_gpio.o(.text) for GPIO_Init
    pwm_output.o(.text) refers to stm32f10x_tim.o(.text) for TIM_TimeBaseInit
    pwm_output.o(.text) refers to f2d.o(.text) for __aeabi_f2d
    pwm_output.o(.text) refers to ffltui.o(.text) for __aeabi_ui2f
    pwm_output.o(.text) refers to ddiv.o(.text) for __aeabi_ddiv
    pwm_output.o(.text) refers to dfixui.o(.text) for __aeabi_d2uiz
    pwm_output.o(.text) refers to pwm_output.o(.data) for CCR1_Val
    encoder.o(.text) refers to stm32f10x_rcc.o(.text) for RCC_APB1PeriphClockCmd
    encoder.o(.text) refers to stm32f10x_gpio.o(.text) for GPIO_Init
    encoder.o(.text) refers to misc.o(.text) for NVIC_Init
    encoder.o(.text) refers to stm32f10x_tim.o(.text) for TIM_TimeBaseInit
    systick.o(.text) refers to system_stm32f10x.o(.data) for SystemCoreClock
    systick.o(.text) refers to systick.o(.data) for TimingDelay
    usart1.o(.text) refers to stm32f10x_usart.o(.text) for USART_SendData
    usart1.o(.text) refers to stm32f10x_rcc.o(.text) for RCC_APB2PeriphClockCmd
    usart1.o(.text) refers to stm32f10x_gpio.o(.text) for GPIO_Init
    usart1.o(.text) refers to misc.o(.text) for NVIC_PriorityGroupConfig
    exti.o(.text) refers to stm32f10x_rcc.o(.text) for RCC_APB2PeriphClockCmd
    exti.o(.text) refers to stm32f10x_gpio.o(.text) for GPIO_Init
    exti.o(.text) refers to stm32f10x_exti.o(.text) for EXTI_Init
    exti.o(.text) refers to misc.o(.text) for NVIC_Init
    exti.o(.text) refers to exti.o(.data) for EXTI10_VAL
    led.o(.text) refers to stm32f10x_rcc.o(.text) for RCC_APB2PeriphClockCmd
    led.o(.text) refers to stm32f10x_gpio.o(.text) for GPIO_Init
    time_test.o(.text) refers to stm32f10x_rcc.o(.text) for RCC_APB1PeriphClockCmd
    time_test.o(.text) refers to stm32f10x_tim.o(.text) for TIM_DeInit
    nrf24l01.o(.text) refers to stm32f10x_rcc.o(.text) for RCC_APB2PeriphClockCmd
    nrf24l01.o(.text) refers to stm32f10x_gpio.o(.text) for GPIO_Init
    nrf24l01.o(.text) refers to stm32f10x_exti.o(.text) for EXTI_Init
    nrf24l01.o(.text) refers to stm32f10x_spi.o(.text) for SPI_Init
    nrf24l01.o(.text) refers to nrf24l01.o(.constdata) for TX_ADDRESS
    sys.o(.text) refers to stm32f10x_rcc.o(.text) for RCC_DeInit
    sys.o(.text) refers to stm32f10x_flash.o(.text) for FLASH_PrefetchBufferCmd
    sys.o(.text) refers to stm32f10x_gpio.o(.text) for GPIO_Init
    stm32f10x_rcc.o(.text) refers to stm32f10x_rcc.o(.data) for APBAHBPrescTable
    stm32f10x_gpio.o(.text) refers to stm32f10x_rcc.o(.text) for RCC_APB2PeriphResetCmd
    stm32f10x_tim.o(.text) refers to stm32f10x_rcc.o(.text) for RCC_APB2PeriphResetCmd
    stm32f10x_usart.o(.text) refers to stm32f10x_rcc.o(.text) for RCC_APB2PeriphResetCmd
    stm32f10x_spi.o(.text) refers to stm32f10x_rcc.o(.text) for RCC_APB2PeriphResetCmd
    system_stm32f10x.o(.text) refers to system_stm32f10x.o(.data) for SystemCoreClock
    timer.o(.text) refers to stm32f10x_rcc.o(.text) for RCC_APB1PeriphClockCmd
    timer.o(.text) refers to stm32f10x_tim.o(.text) for TIM_TimeBaseInit
    timer.o(.text) refers to misc.o(.text) for NVIC_Init
    timer.o(.text) refers to exti.o(.data) for EXTI10_VAL
    entry.o(.ARM.Collect$$$$00000000) refers (Special) to entry10a.o(.ARM.Collect$$$$0000000D) for __rt_final_cpp
    entry.o(.ARM.Collect$$$$00000000) refers (Special) to entry11a.o(.ARM.Collect$$$$0000000F) for __rt_final_exit
    entry.o(.ARM.Collect$$$$00000000) refers (Special) to entry7b.o(.ARM.Collect$$$$00000008) for _main_clock
    entry.o(.ARM.Collect$$$$00000000) refers (Special) to entry8b.o(.ARM.Collect$$$$0000000A) for _main_cpp_init
    entry.o(.ARM.Collect$$$$00000000) refers (Special) to entry9a.o(.ARM.Collect$$$$0000000B) for _main_init
    entry.o(.ARM.Collect$$$$00000000) refers (Special) to entry5.o(.ARM.Collect$$$$00000004) for _main_scatterload
    entry.o(.ARM.Collect$$$$00000000) refers (Special) to entry2.o(.ARM.Collect$$$$00000001) for _main_stk
    fadd.o(.text) refers (Special) to iusefp.o(.text) for __I$use$fp
    fadd.o(.text) refers to fepilogue.o(.text) for _float_epilogue
    fmul.o(.text) refers (Special) to iusefp.o(.text) for __I$use$fp
    fdiv.o(.text) refers (Special) to iusefp.o(.text) for __I$use$fp
    fdiv.o(.text) refers to fepilogue.o(.text) for _float_round
    dadd.o(.text) refers (Special) to iusefp.o(.text) for __I$use$fp
    dadd.o(.text) refers to llshl.o(.text) for __aeabi_llsl
    dadd.o(.text) refers to llsshr.o(.text) for __aeabi_lasr
    dadd.o(.text) refers to depilogue.o(.text) for _double_epilogue
    dmul.o(.text) refers (Special) to iusefp.o(.text) for __I$use$fp
    dmul.o(.text) refers to depilogue.o(.text) for _double_epilogue
    ddiv.o(.text) refers (Special) to iusefp.o(.text) for __I$use$fp
    ddiv.o(.text) refers to depilogue.o(.text) for _double_round
    fflti.o(.text) refers (Special) to iusefp.o(.text) for __I$use$fp
    fflti.o(.text) refers to fepilogue.o(.text) for _float_epilogue
    ffltui.o(.text) refers (Special) to iusefp.o(.text) for __I$use$fp
    ffltui.o(.text) refers to fepilogue.o(.text) for _float_epilogue
    dflti.o(.text) refers (Special) to iusefp.o(.text) for __I$use$fp
    dflti.o(.text) refers to depilogue.o(.text) for _double_epilogue
    dfltui.o(.text) refers (Special) to iusefp.o(.text) for __I$use$fp
    dfltui.o(.text) refers to depilogue.o(.text) for _double_epilogue
    dfixi.o(.text) refers (Special) to iusefp.o(.text) for __I$use$fp
    dfixi.o(.text) refers to llushr.o(.text) for __aeabi_llsr
    dfixui.o(.text) refers (Special) to iusefp.o(.text) for __I$use$fp
    dfixui.o(.text) refers to llushr.o(.text) for __aeabi_llsr
    f2d.o(.text) refers (Special) to iusefp.o(.text) for __I$use$fp
    d2f.o(.text) refers (Special) to iusefp.o(.text) for __I$use$fp
    d2f.o(.text) refers to fepilogue.o(.text) for _float_round
    cfcmple.o(.text) refers (Special) to iusefp.o(.text) for __I$use$fp
    cfrcmple.o(.text) refers (Special) to iusefp.o(.text) for __I$use$fp
    entry2.o(.ARM.Collect$$$$00000001) refers to entry2.o(.ARM.Collect$$$$00002712) for __lit__00000000
    entry2.o(.ARM.Collect$$$$00002712) refers to startup_stm32f10x_hd.o(STACK) for __initial_sp
    entry2.o(__vectab_stack_and_reset_area) refers to startup_stm32f10x_hd.o(STACK) for __initial_sp
    entry2.o(__vectab_stack_and_reset_area) refers to entry.o(.ARM.Collect$$$$00000000) for __main
    entry5.o(.ARM.Collect$$$$00000004) refers to init.o(.text) for __scatterload
    entry9a.o(.ARM.Collect$$$$0000000B) refers to main.o(.text) for main
    entry9b.o(.ARM.Collect$$$$0000000C) refers to main.o(.text) for main
    depilogue.o(.text) refers to llshl.o(.text) for __aeabi_llsl
    depilogue.o(.text) refers to llushr.o(.text) for __aeabi_llsr
    init.o(.text) refers to entry5.o(.ARM.Collect$$$$00000004) for __main_after_scatterload


==============================================================================

Removing Unused input sections from the image.

    Removing startup_stm32f10x_hd.o(HEAP), (512 bytes).
    Removing encoder.o(.text), (200 bytes).
    Removing encoder.o(.data), (4 bytes).
    Removing usart1.o(.data), (4 bytes).
    Removing led.o(.text), (60 bytes).
    Removing nrf24l01.o(.data), (2 bytes).
    Removing core_cm3.o(.emb_text), (32 bytes).

7 unused section(s) (total 814 bytes) removed from the image.

==============================================================================

Image Symbol Table

    Local Symbols

    Symbol Name                              Value     Ov Type        Size  Object(Section)

    ../clib/../cmprslib/zerorunl2.c          0x00000000   Number         0  __dczerorl2.o ABSOLUTE
    ../clib/microlib/init/entry.s            0x00000000   Number         0  entry11b.o ABSOLUTE
    ../clib/microlib/init/entry.s            0x00000000   Number         0  entry9b.o ABSOLUTE
    ../clib/microlib/init/entry.s            0x00000000   Number         0  entry.o ABSOLUTE
    ../clib/microlib/init/entry.s            0x00000000   Number         0  entry9a.o ABSOLUTE
    ../clib/microlib/init/entry.s            0x00000000   Number         0  entry8b.o ABSOLUTE
    ../clib/microlib/init/entry.s            0x00000000   Number         0  entry8a.o ABSOLUTE
    ../clib/microlib/init/entry.s            0x00000000   Number         0  entry7b.o ABSOLUTE
    ../clib/microlib/init/entry.s            0x00000000   Number         0  entry7a.o ABSOLUTE
    ../clib/microlib/init/entry.s            0x00000000   Number         0  entry5.o ABSOLUTE
    ../clib/microlib/init/entry.s            0x00000000   Number         0  entry2.o ABSOLUTE
    ../clib/microlib/init/entry.s            0x00000000   Number         0  entry11a.o ABSOLUTE
    ../clib/microlib/init/entry.s            0x00000000   Number         0  entry10b.o ABSOLUTE
    ../clib/microlib/init/entry.s            0x00000000   Number         0  entry10a.o ABSOLUTE
    ../clib/microlib/longlong.c              0x00000000   Number         0  llsshr.o ABSOLUTE
    ../clib/microlib/longlong.c              0x00000000   Number         0  llushr.o ABSOLUTE
    ../clib/microlib/longlong.c              0x00000000   Number         0  llshl.o ABSOLUTE
    ../clib/microlib/stubs.s                 0x00000000   Number         0  useno.o ABSOLUTE
    ../clib/microlib/stubs.s                 0x00000000   Number         0  iusefp.o ABSOLUTE
    ../fplib/microlib/d2f.c                  0x00000000   Number         0  d2f.o ABSOLUTE
    ../fplib/microlib/f2d.c                  0x00000000   Number         0  f2d.o ABSOLUTE
    ../fplib/microlib/fpadd.c                0x00000000   Number         0  dadd.o ABSOLUTE
    ../fplib/microlib/fpadd.c                0x00000000   Number         0  fadd.o ABSOLUTE
    ../fplib/microlib/fpdiv.c                0x00000000   Number         0  ddiv.o ABSOLUTE
    ../fplib/microlib/fpdiv.c                0x00000000   Number         0  fdiv.o ABSOLUTE
    ../fplib/microlib/fpepilogue.c           0x00000000   Number         0  depilogue.o ABSOLUTE
    ../fplib/microlib/fpepilogue.c           0x00000000   Number         0  fepilogue.o ABSOLUTE
    ../fplib/microlib/fpfix.c                0x00000000   Number         0  dfixui.o ABSOLUTE
    ../fplib/microlib/fpfix.c                0x00000000   Number         0  dfixi.o ABSOLUTE
    ../fplib/microlib/fpflt.c                0x00000000   Number         0  dfltui.o ABSOLUTE
    ../fplib/microlib/fpflt.c                0x00000000   Number         0  dflti.o ABSOLUTE
    ../fplib/microlib/fpflt.c                0x00000000   Number         0  ffltui.o ABSOLUTE
    ../fplib/microlib/fpflt.c                0x00000000   Number         0  fflti.o ABSOLUTE
    ../fplib/microlib/fpmul.c                0x00000000   Number         0  dmul.o ABSOLUTE
    ../fplib/microlib/fpmul.c                0x00000000   Number         0  fmul.o ABSOLUTE
    ..\CMSIS\core_cm3.c                      0x00000000   Number         0  core_cm3.o ABSOLUTE
    ..\CMSIS\startup\startup_stm32f10x_hd.s  0x00000000   Number         0  startup_stm32f10x_hd.o ABSOLUTE
    ..\CMSIS\system_stm32f10x.c              0x00000000   Number         0  system_stm32f10x.o ABSOLUTE
    ..\FWlib\src\misc.c                      0x00000000   Number         0  misc.o ABSOLUTE
    ..\FWlib\src\stm32f10x_exti.c            0x00000000   Number         0  stm32f10x_exti.o ABSOLUTE
    ..\FWlib\src\stm32f10x_flash.c           0x00000000   Number         0  stm32f10x_flash.o ABSOLUTE
    ..\FWlib\src\stm32f10x_gpio.c            0x00000000   Number         0  stm32f10x_gpio.o ABSOLUTE
    ..\FWlib\src\stm32f10x_rcc.c             0x00000000   Number         0  stm32f10x_rcc.o ABSOLUTE
    ..\FWlib\src\stm32f10x_spi.c             0x00000000   Number         0  stm32f10x_spi.o ABSOLUTE
    ..\FWlib\src\stm32f10x_tim.c             0x00000000   Number         0  stm32f10x_tim.o ABSOLUTE
    ..\FWlib\src\stm32f10x_usart.c           0x00000000   Number         0  stm32f10x_usart.o ABSOLUTE
    ..\TIMER\timer.c                         0x00000000   Number         0  timer.o ABSOLUTE
    ..\\CMSIS\\core_cm3.c                    0x00000000   Number         0  core_cm3.o ABSOLUTE
    Encoder.c                                0x00000000   Number         0  encoder.o ABSOLUTE
    SysTick.c                                0x00000000   Number         0  systick.o ABSOLUTE
    Time_test.c                              0x00000000   Number         0  time_test.o ABSOLUTE
    cfcmple.s                                0x00000000   Number         0  cfcmple.o ABSOLUTE
    cfrcmple.s                               0x00000000   Number         0  cfrcmple.o ABSOLUTE
    dc.s                                     0x00000000   Number         0  dc.o ABSOLUTE
    exti.c                                   0x00000000   Number         0  exti.o ABSOLUTE
    handlers.s                               0x00000000   Number         0  handlers.o ABSOLUTE
    init.s                                   0x00000000   Number         0  init.o ABSOLUTE
    led.c                                    0x00000000   Number         0  led.o ABSOLUTE
    main.c                                   0x00000000   Number         0  main.o ABSOLUTE
    nrf24l01.c                               0x00000000   Number         0  nrf24l01.o ABSOLUTE
    pwm_output.c                             0x00000000   Number         0  pwm_output.o ABSOLUTE
    stm32f10x_it.c                           0x00000000   Number         0  stm32f10x_it.o ABSOLUTE
    sys.c                                    0x00000000   Number         0  sys.o ABSOLUTE
    usart1.c                                 0x00000000   Number         0  usart1.o ABSOLUTE
    RESET                                    0x08000000   Section      304  startup_stm32f10x_hd.o(RESET)
    .ARM.Collect$$$$00000000                 0x08000130   Section        0  entry.o(.ARM.Collect$$$$00000000)
    .ARM.Collect$$$$00000001                 0x08000130   Section        4  entry2.o(.ARM.Collect$$$$00000001)
    .ARM.Collect$$$$00000004                 0x08000134   Section        4  entry5.o(.ARM.Collect$$$$00000004)
    .ARM.Collect$$$$00000008                 0x08000138   Section        0  entry7b.o(.ARM.Collect$$$$00000008)
    .ARM.Collect$$$$0000000A                 0x08000138   Section        0  entry8b.o(.ARM.Collect$$$$0000000A)
    .ARM.Collect$$$$0000000B                 0x08000138   Section        8  entry9a.o(.ARM.Collect$$$$0000000B)
    .ARM.Collect$$$$0000000D                 0x08000140   Section        0  entry10a.o(.ARM.Collect$$$$0000000D)
    .ARM.Collect$$$$0000000F                 0x08000140   Section        0  entry11a.o(.ARM.Collect$$$$0000000F)
    .ARM.Collect$$$$00002712                 0x08000140   Section        4  entry2.o(.ARM.Collect$$$$00002712)
    __lit__00000000                          0x08000140   Data           4  entry2.o(.ARM.Collect$$$$00002712)
    .text                                    0x08000144   Section       36  startup_stm32f10x_hd.o(.text)
    .text                                    0x08000168   Section        0  main.o(.text)
    .text                                    0x08000850   Section        0  stm32f10x_it.o(.text)
    .text                                    0x080009ac   Section        0  pwm_output.o(.text)
    TIM2_GPIO_Config                         0x080009ad   Thumb Code    46  pwm_output.o(.text)
    TIM2_Mode_Config                         0x080009db   Thumb Code   198  pwm_output.o(.text)
    TIM4_GPIO_Config                         0x08000aa1   Thumb Code    48  pwm_output.o(.text)
    TIM4_Mode_Config                         0x08000ad1   Thumb Code   188  pwm_output.o(.text)
    .text                                    0x08000c54   Section        0  systick.o(.text)
    .text                                    0x08000d08   Section        0  usart1.o(.text)
    .text                                    0x08000edc   Section        0  exti.o(.text)
    .text                                    0x08001034   Section        0  time_test.o(.text)
    .text                                    0x0800108c   Section        0  nrf24l01.o(.text)
    NRF_GPIO_Config                          0x0800108d   Thumb Code   142  nrf24l01.o(.text)
    NRF_Exti_Config                          0x0800111b   Thumb Code    40  nrf24l01.o(.text)
    SPI_Config                               0x08001143   Thumb Code    88  nrf24l01.o(.text)
    SPI_SetSpeed                             0x0800119b   Thumb Code    38  nrf24l01.o(.text)
    NRF_SPI1_ReadWriteByte                   0x080011c1   Thumb Code    50  nrf24l01.o(.text)
    NRF24L01_Write_Reg                       0x080011f3   Thumb Code    38  nrf24l01.o(.text)
    NRF24L01_Read_Reg                        0x08001219   Thumb Code    36  nrf24l01.o(.text)
    NRF24L01_Read_Buf                        0x0800123d   Thumb Code    56  nrf24l01.o(.text)
    NRF24L01_Write_Buf                       0x08001275   Thumb Code    56  nrf24l01.o(.text)
    NRF_GetStatus                            0x080012ad   Thumb Code    14  nrf24l01.o(.text)
    NRF24L01_Check                           0x080012bb   Thumb Code    74  nrf24l01.o(.text)
    NRF24L01_TX_Mode                         0x08001305   Thumb Code    90  nrf24l01.o(.text)
    NRF24L01_RX_Mode                         0x0800135f   Thumb Code    88  nrf24l01.o(.text)
    .text                                    0x080014b8   Section        0  sys.o(.text)
    .text                                    0x08001550   Section        0  stm32f10x_rcc.o(.text)
    .text                                    0x080018f4   Section        0  stm32f10x_gpio.o(.text)
    .text                                    0x08001c4c   Section        0  stm32f10x_tim.o(.text)
    TI4_Config                               0x080020f3   Thumb Code   130  stm32f10x_tim.o(.text)
    TI3_Config                               0x08002187   Thumb Code   122  stm32f10x_tim.o(.text)
    TI2_Config                               0x0800221b   Thumb Code   130  stm32f10x_tim.o(.text)
    TI1_Config                               0x080022af   Thumb Code   108  stm32f10x_tim.o(.text)
    .text                                    0x08002a68   Section        0  misc.o(.text)
    .text                                    0x08002b44   Section        0  stm32f10x_usart.o(.text)
    .text                                    0x08002f4c   Section        0  stm32f10x_exti.o(.text)
    .text                                    0x08003068   Section        0  stm32f10x_spi.o(.text)
    .text                                    0x08003374   Section        0  stm32f10x_flash.o(.text)
    .text                                    0x08003930   Section        0  system_stm32f10x.o(.text)
    SetSysClockTo72                          0x08003931   Thumb Code   212  system_stm32f10x.o(.text)
    SetSysClock                              0x08003a05   Thumb Code     8  system_stm32f10x.o(.text)
    .text                                    0x08003b0c   Section        0  timer.o(.text)
    .text                                    0x08003b94   Section        0  fadd.o(.text)
    .text                                    0x08003c44   Section        0  fmul.o(.text)
    .text                                    0x08003cb0   Section        0  fdiv.o(.text)
    .text                                    0x08003d30   Section        0  dadd.o(.text)
    .text                                    0x08003e7e   Section        0  dmul.o(.text)
    .text                                    0x08003f62   Section        0  ddiv.o(.text)
    .text                                    0x08004040   Section        0  fflti.o(.text)
    .text                                    0x08004052   Section        0  ffltui.o(.text)
    .text                                    0x0800405c   Section        0  dflti.o(.text)
    .text                                    0x0800407e   Section        0  dfltui.o(.text)
    .text                                    0x08004098   Section        0  dfixi.o(.text)
    .text                                    0x080040d6   Section        0  dfixui.o(.text)
    .text                                    0x08004108   Section        0  f2d.o(.text)
    .text                                    0x0800412e   Section        0  d2f.o(.text)
    .text                                    0x08004168   Section       20  cfcmple.o(.text)
    .text                                    0x0800417c   Section       20  cfrcmple.o(.text)
    .text                                    0x08004190   Section        0  llshl.o(.text)
    .text                                    0x080041ae   Section        0  llushr.o(.text)
    .text                                    0x080041ce   Section        0  llsshr.o(.text)
    .text                                    0x080041f2   Section        0  iusefp.o(.text)
    .text                                    0x080041f2   Section        0  fepilogue.o(.text)
    .text                                    0x0800425e   Section        0  depilogue.o(.text)
    .text                                    0x0800431c   Section       36  init.o(.text)
    .text                                    0x08004340   Section        0  __dczerorl2.o(.text)
    i.__scatterload_copy                     0x0800439c   Section       14  handlers.o(i.__scatterload_copy)
    i.__scatterload_null                     0x080043aa   Section        2  handlers.o(i.__scatterload_null)
    i.__scatterload_zeroinit                 0x080043ac   Section       14  handlers.o(i.__scatterload_zeroinit)
    .constdata                               0x080043ba   Section       10  nrf24l01.o(.constdata)
    .data                                    0x20000000   Section      232  main.o(.data)
    ka                                       0x20000010   Data           4  main.o(.data)
    kb                                       0x20000014   Data           4  main.o(.data)
    kc                                       0x20000018   Data           4  main.o(.data)
    kd                                       0x2000001c   Data           4  main.o(.data)
    head_stable                              0x20000020   Data           4  main.o(.data)
    tail_stab                                0x20000024   Data           4  main.o(.data)
    dif_angle                                0x20000028   Data           4  main.o(.data)
    intialpian                               0x200000d0   Data           4  main.o(.data)
    .data                                    0x200000e8   Section       18  stm32f10x_it.o(.data)
    .data                                    0x200000fa   Section        8  pwm_output.o(.data)
    .data                                    0x20000104   Section        4  systick.o(.data)
    .data                                    0x20000108   Section        8  exti.o(.data)
    .data                                    0x20000110   Section       20  stm32f10x_rcc.o(.data)
    APBAHBPrescTable                         0x20000110   Data          16  stm32f10x_rcc.o(.data)
    ADCPrescTable                            0x20000120   Data           4  stm32f10x_rcc.o(.data)
    .data                                    0x20000124   Section       20  system_stm32f10x.o(.data)
    .bss                                     0x20000138   Section       36  main.o(.bss)
    .bss                                     0x2000015c   Section       33  stm32f10x_it.o(.bss)
    Temp                                     0x20000172   Data          11  stm32f10x_it.o(.bss)
    STACK                                    0x20000180   Section     1024  startup_stm32f10x_hd.o(STACK)

    Global Symbols

    Symbol Name                              Value     Ov Type        Size  Object(Section)

    BuildAttributes$$THM_ISAv4$P$D$K$B$S$PE$A:L22UL41UL21$X:L11$S22US41US21$IEEE1$IW$USESV6$~STKCKD$USESV7$~SHL$OTIME$ROPI$EBA8$MICROLIB$REQ8$PRES8$EABIv2 0x00000000   Number         0  anon$$obj.o ABSOLUTE
    __ARM_use_no_argv                        0x00000000   Number         0  main.o ABSOLUTE
    __use_no_errno                           0x00000000   Number         0  useno.o ABSOLUTE
    __use_no_exception_handling              0x00000000   Number         0  useno.o ABSOLUTE
    __use_no_fp                              0x00000000   Number         0  useno.o ABSOLUTE
    __use_no_heap                            0x00000000   Number         0  useno.o ABSOLUTE
    __use_no_heap_region                     0x00000000   Number         0  useno.o ABSOLUTE
    __use_no_semihosting                     0x00000000   Number         0  useno.o ABSOLUTE
    __use_no_semihosting_swi                 0x00000000   Number         0  useno.o ABSOLUTE
    __use_no_signal_handling                 0x00000000   Number         0  useno.o ABSOLUTE
    __cpp_initialize__aeabi_                  - Undefined Weak Reference
    __cxa_finalize                            - Undefined Weak Reference
    _clock_init                               - Undefined Weak Reference
    _microlib_exit                            - Undefined Weak Reference
    __Vectors_Size                           0x00000130   Number         0  startup_stm32f10x_hd.o ABSOLUTE
    __Vectors                                0x08000000   Data           4  startup_stm32f10x_hd.o(RESET)
    __Vectors_End                            0x08000130   Data           0  startup_stm32f10x_hd.o(RESET)
    __main                                   0x08000131   Thumb Code     0  entry.o(.ARM.Collect$$$$00000000)
    _main_stk                                0x08000131   Thumb Code     0  entry2.o(.ARM.Collect$$$$00000001)
    _main_scatterload                        0x08000135   Thumb Code     0  entry5.o(.ARM.Collect$$$$00000004)
    __main_after_scatterload                 0x08000139   Thumb Code     0  entry5.o(.ARM.Collect$$$$00000004)
    _main_clock                              0x08000139   Thumb Code     0  entry7b.o(.ARM.Collect$$$$00000008)
    _main_cpp_init                           0x08000139   Thumb Code     0  entry8b.o(.ARM.Collect$$$$0000000A)
    _main_init                               0x08000139   Thumb Code     0  entry9a.o(.ARM.Collect$$$$0000000B)
    __rt_final_cpp                           0x08000141   Thumb Code     0  entry10a.o(.ARM.Collect$$$$0000000D)
    __rt_final_exit                          0x08000141   Thumb Code     0  entry11a.o(.ARM.Collect$$$$0000000F)
    Reset_Handler                            0x08000145   Thumb Code     8  startup_stm32f10x_hd.o(.text)
    ADC1_2_IRQHandler                        0x0800015f   Thumb Code     0  startup_stm32f10x_hd.o(.text)
    ADC3_IRQHandler                          0x0800015f   Thumb Code     0  startup_stm32f10x_hd.o(.text)
    CAN1_RX1_IRQHandler                      0x0800015f   Thumb Code     0  startup_stm32f10x_hd.o(.text)
    CAN1_SCE_IRQHandler                      0x0800015f   Thumb Code     0  startup_stm32f10x_hd.o(.text)
    DMA1_Channel1_IRQHandler                 0x0800015f   Thumb Code     0  startup_stm32f10x_hd.o(.text)
    DMA1_Channel2_IRQHandler                 0x0800015f   Thumb Code     0  startup_stm32f10x_hd.o(.text)
    DMA1_Channel3_IRQHandler                 0x0800015f   Thumb Code     0  startup_stm32f10x_hd.o(.text)
    DMA1_Channel4_IRQHandler                 0x0800015f   Thumb Code     0  startup_stm32f10x_hd.o(.text)
    DMA1_Channel5_IRQHandler                 0x0800015f   Thumb Code     0  startup_stm32f10x_hd.o(.text)
    DMA1_Channel6_IRQHandler                 0x0800015f   Thumb Code     0  startup_stm32f10x_hd.o(.text)
    DMA1_Channel7_IRQHandler                 0x0800015f   Thumb Code     0  startup_stm32f10x_hd.o(.text)
    DMA2_Channel1_IRQHandler                 0x0800015f   Thumb Code     0  startup_stm32f10x_hd.o(.text)
    DMA2_Channel2_IRQHandler                 0x0800015f   Thumb Code     0  startup_stm32f10x_hd.o(.text)
    DMA2_Channel3_IRQHandler                 0x0800015f   Thumb Code     0  startup_stm32f10x_hd.o(.text)
    DMA2_Channel4_5_IRQHandler               0x0800015f   Thumb Code     0  startup_stm32f10x_hd.o(.text)
    EXTI0_IRQHandler                         0x0800015f   Thumb Code     0  startup_stm32f10x_hd.o(.text)
    EXTI1_IRQHandler                         0x0800015f   Thumb Code     0  startup_stm32f10x_hd.o(.text)
    EXTI2_IRQHandler                         0x0800015f   Thumb Code     0  startup_stm32f10x_hd.o(.text)
    EXTI3_IRQHandler                         0x0800015f   Thumb Code     0  startup_stm32f10x_hd.o(.text)
    EXTI4_IRQHandler                         0x0800015f   Thumb Code     0  startup_stm32f10x_hd.o(.text)
    FLASH_IRQHandler                         0x0800015f   Thumb Code     0  startup_stm32f10x_hd.o(.text)
    FSMC_IRQHandler                          0x0800015f   Thumb Code     0  startup_stm32f10x_hd.o(.text)
    I2C1_ER_IRQHandler                       0x0800015f   Thumb Code     0  startup_stm32f10x_hd.o(.text)
    I2C1_EV_IRQHandler                       0x0800015f   Thumb Code     0  startup_stm32f10x_hd.o(.text)
    I2C2_ER_IRQHandler                       0x0800015f   Thumb Code     0  startup_stm32f10x_hd.o(.text)
    I2C2_EV_IRQHandler                       0x0800015f   Thumb Code     0  startup_stm32f10x_hd.o(.text)
    PVD_IRQHandler                           0x0800015f   Thumb Code     0  startup_stm32f10x_hd.o(.text)
    RCC_IRQHandler                           0x0800015f   Thumb Code     0  startup_stm32f10x_hd.o(.text)
    RTCAlarm_IRQHandler                      0x0800015f   Thumb Code     0  startup_stm32f10x_hd.o(.text)
    RTC_IRQHandler                           0x0800015f   Thumb Code     0  startup_stm32f10x_hd.o(.text)
    SDIO_IRQHandler                          0x0800015f   Thumb Code     0  startup_stm32f10x_hd.o(.text)
    SPI1_IRQHandler                          0x0800015f   Thumb Code     0  startup_stm32f10x_hd.o(.text)
    SPI2_IRQHandler                          0x0800015f   Thumb Code     0  startup_stm32f10x_hd.o(.text)
    SPI3_IRQHandler                          0x0800015f   Thumb Code     0  startup_stm32f10x_hd.o(.text)
    TAMPER_IRQHandler                        0x0800015f   Thumb Code     0  startup_stm32f10x_hd.o(.text)
    TIM1_BRK_IRQHandler                      0x0800015f   Thumb Code     0  startup_stm32f10x_hd.o(.text)
    TIM1_CC_IRQHandler                       0x0800015f   Thumb Code     0  startup_stm32f10x_hd.o(.text)
    TIM1_TRG_COM_IRQHandler                  0x0800015f   Thumb Code     0  startup_stm32f10x_hd.o(.text)
    TIM1_UP_IRQHandler                       0x0800015f   Thumb Code     0  startup_stm32f10x_hd.o(.text)
    TIM4_IRQHandler                          0x0800015f   Thumb Code     0  startup_stm32f10x_hd.o(.text)
    TIM5_IRQHandler                          0x0800015f   Thumb Code     0  startup_stm32f10x_hd.o(.text)
    TIM6_IRQHandler                          0x0800015f   Thumb Code     0  startup_stm32f10x_hd.o(.text)
    TIM7_IRQHandler                          0x0800015f   Thumb Code     0  startup_stm32f10x_hd.o(.text)
    TIM8_BRK_IRQHandler                      0x0800015f   Thumb Code     0  startup_stm32f10x_hd.o(.text)
    TIM8_CC_IRQHandler                       0x0800015f   Thumb Code     0  startup_stm32f10x_hd.o(.text)
    TIM8_TRG_COM_IRQHandler                  0x0800015f   Thumb Code     0  startup_stm32f10x_hd.o(.text)
    TIM8_UP_IRQHandler                       0x0800015f   Thumb Code     0  startup_stm32f10x_hd.o(.text)
    UART4_IRQHandler                         0x0800015f   Thumb Code     0  startup_stm32f10x_hd.o(.text)
    UART5_IRQHandler                         0x0800015f   Thumb Code     0  startup_stm32f10x_hd.o(.text)
    USART2_IRQHandler                        0x0800015f   Thumb Code     0  startup_stm32f10x_hd.o(.text)
    USBWakeUp_IRQHandler                     0x0800015f   Thumb Code     0  startup_stm32f10x_hd.o(.text)
    USB_HP_CAN1_TX_IRQHandler                0x0800015f   Thumb Code     0  startup_stm32f10x_hd.o(.text)
    USB_LP_CAN1_RX0_IRQHandler               0x0800015f   Thumb Code     0  startup_stm32f10x_hd.o(.text)
    WWDG_IRQHandler                          0x0800015f   Thumb Code     0  startup_stm32f10x_hd.o(.text)
    main                                     0x08000169   Thumb Code  1652  main.o(.text)
    NMI_Handler                              0x08000851   Thumb Code     2  stm32f10x_it.o(.text)
    HardFault_Handler                        0x08000853   Thumb Code     4  stm32f10x_it.o(.text)
    MemManage_Handler                        0x08000857   Thumb Code     4  stm32f10x_it.o(.text)
    BusFault_Handler                         0x0800085b   Thumb Code     4  stm32f10x_it.o(.text)
    UsageFault_Handler                       0x0800085f   Thumb Code     4  stm32f10x_it.o(.text)
    SVC_Handler                              0x08000863   Thumb Code     2  stm32f10x_it.o(.text)
    DebugMon_Handler                         0x08000865   Thumb Code     2  stm32f10x_it.o(.text)
    PendSV_Handler                           0x08000867   Thumb Code     2  stm32f10x_it.o(.text)
    USART1_IRQHandler                        0x08000869   Thumb Code    72  stm32f10x_it.o(.text)
    USART3_IRQHandler                        0x080008b1   Thumb Code   108  stm32f10x_it.o(.text)
    EXTI9_5_IRQHandler                       0x0800091d   Thumb Code    24  stm32f10x_it.o(.text)
    TIM2_IRQHandler                          0x08000935   Thumb Code    76  stm32f10x_it.o(.text)
    TIM_PWM_Init                             0x08000b8d   Thumb Code    20  pwm_output.o(.text)
    Step_M_Rps                               0x08000ba1   Thumb Code   144  pwm_output.o(.text)
    SysTick_Init                             0x08000c55   Thumb Code   108  systick.o(.text)
    Delay_ms                                 0x08000cc1   Thumb Code    36  systick.o(.text)
    SysTick_Handler                          0x08000ce5   Thumb Code    18  systick.o(.text)
    _sys_exit                                0x08000d09   Thumb Code     6  usart1.o(.text)
    fputc                                    0x08000d0f   Thumb Code    50  usart1.o(.text)
    USART1_Config                            0x08000d41   Thumb Code   126  usart1.o(.text)
    USART3_Config                            0x08000dbf   Thumb Code   140  usart1.o(.text)
    NVIC_Configuration                       0x08000e4b   Thumb Code   128  usart1.o(.text)
    EXTI_PB89_Config                         0x08000edd   Thumb Code   192  exti.o(.text)
    EXTIX_Init                               0x08000f9d   Thumb Code   106  exti.o(.text)
    EXTI15_10_IRQHandler                     0x08001007   Thumb Code    32  exti.o(.text)
    TIM3_Configuration                       0x08001035   Thumb Code    84  time_test.o(.text)
    NRF24L01_TxPacket                        0x080013b7   Thumb Code   100  nrf24l01.o(.text)
    NRF24L01_RxPacket                        0x0800141b   Thumb Code    78  nrf24l01.o(.text)
    NRF24L01_Init                            0x08001469   Thumb Code    80  nrf24l01.o(.text)
    RCC_Configuration                        0x080014b9   Thumb Code   100  sys.o(.text)
    GPIO_Configuration                       0x0800151d   Thumb Code    46  sys.o(.text)
    RCC_DeInit                               0x08001551   Thumb Code    64  stm32f10x_rcc.o(.text)
    RCC_HSEConfig                            0x08001591   Thumb Code    70  stm32f10x_rcc.o(.text)
    RCC_GetFlagStatus                        0x080015d7   Thumb Code    56  stm32f10x_rcc.o(.text)
    RCC_WaitForHSEStartUp                    0x0800160f   Thumb Code    56  stm32f10x_rcc.o(.text)
    RCC_AdjustHSICalibrationValue            0x08001647   Thumb Code    20  stm32f10x_rcc.o(.text)
    RCC_HSICmd                               0x0800165b   Thumb Code     6  stm32f10x_rcc.o(.text)
    RCC_PLLConfig                            0x08001661   Thumb Code    24  stm32f10x_rcc.o(.text)
    RCC_PLLCmd                               0x08001679   Thumb Code     6  stm32f10x_rcc.o(.text)
    RCC_SYSCLKConfig                         0x0800167f   Thumb Code    18  stm32f10x_rcc.o(.text)
    RCC_GetSYSCLKSource                      0x08001691   Thumb Code    10  stm32f10x_rcc.o(.text)
    RCC_HCLKConfig                           0x0800169b   Thumb Code    18  stm32f10x_rcc.o(.text)
    RCC_PCLK1Config                          0x080016ad   Thumb Code    18  stm32f10x_rcc.o(.text)
    RCC_PCLK2Config                          0x080016bf   Thumb Code    20  stm32f10x_rcc.o(.text)
    RCC_ITConfig                             0x080016d3   Thumb Code    26  stm32f10x_rcc.o(.text)
    RCC_USBCLKConfig                         0x080016ed   Thumb Code     6  stm32f10x_rcc.o(.text)
    RCC_ADCCLKConfig                         0x080016f3   Thumb Code    18  stm32f10x_rcc.o(.text)
    RCC_LSEConfig                            0x08001705   Thumb Code    44  stm32f10x_rcc.o(.text)
    RCC_LSICmd                               0x08001731   Thumb Code     6  stm32f10x_rcc.o(.text)
    RCC_RTCCLKConfig                         0x08001737   Thumb Code    12  stm32f10x_rcc.o(.text)
    RCC_RTCCLKCmd                            0x08001743   Thumb Code     8  stm32f10x_rcc.o(.text)
    RCC_GetClocksFreq                        0x0800174b   Thumb Code   192  stm32f10x_rcc.o(.text)
    RCC_AHBPeriphClockCmd                    0x0800180b   Thumb Code    26  stm32f10x_rcc.o(.text)
    RCC_APB2PeriphClockCmd                   0x08001825   Thumb Code    26  stm32f10x_rcc.o(.text)
    RCC_APB1PeriphClockCmd                   0x0800183f   Thumb Code    26  stm32f10x_rcc.o(.text)
    RCC_APB2PeriphResetCmd                   0x08001859   Thumb Code    26  stm32f10x_rcc.o(.text)
    RCC_APB1PeriphResetCmd                   0x08001873   Thumb Code    26  stm32f10x_rcc.o(.text)
    RCC_BackupResetCmd                       0x0800188d   Thumb Code     8  stm32f10x_rcc.o(.text)
    RCC_ClockSecuritySystemCmd               0x08001895   Thumb Code     6  stm32f10x_rcc.o(.text)
    RCC_MCOConfig                            0x0800189b   Thumb Code     6  stm32f10x_rcc.o(.text)
    RCC_ClearFlag                            0x080018a1   Thumb Code    14  stm32f10x_rcc.o(.text)
    RCC_GetITStatus                          0x080018af   Thumb Code    20  stm32f10x_rcc.o(.text)
    RCC_ClearITPendingBit                    0x080018c3   Thumb Code     6  stm32f10x_rcc.o(.text)
    GPIO_DeInit                              0x080018f5   Thumb Code   172  stm32f10x_gpio.o(.text)
    GPIO_AFIODeInit                          0x080019a1   Thumb Code    20  stm32f10x_gpio.o(.text)
    GPIO_Init                                0x080019b5   Thumb Code   274  stm32f10x_gpio.o(.text)
    GPIO_StructInit                          0x08001ac7   Thumb Code    16  stm32f10x_gpio.o(.text)
    GPIO_ReadInputDataBit                    0x08001ad7   Thumb Code    18  stm32f10x_gpio.o(.text)
    GPIO_ReadInputData                       0x08001ae9   Thumb Code     8  stm32f10x_gpio.o(.text)
    GPIO_ReadOutputDataBit                   0x08001af1   Thumb Code    18  stm32f10x_gpio.o(.text)
    GPIO_ReadOutputData                      0x08001b03   Thumb Code     8  stm32f10x_gpio.o(.text)
    GPIO_SetBits                             0x08001b0b   Thumb Code     4  stm32f10x_gpio.o(.text)
    GPIO_ResetBits                           0x08001b0f   Thumb Code     4  stm32f10x_gpio.o(.text)
    GPIO_WriteBit                            0x08001b13   Thumb Code    10  stm32f10x_gpio.o(.text)
    GPIO_Write                               0x08001b1d   Thumb Code     4  stm32f10x_gpio.o(.text)
    GPIO_PinLockConfig                       0x08001b21   Thumb Code    18  stm32f10x_gpio.o(.text)
    GPIO_EventOutputConfig                   0x08001b33   Thumb Code    26  stm32f10x_gpio.o(.text)
    GPIO_EventOutputCmd                      0x08001b4d   Thumb Code     6  stm32f10x_gpio.o(.text)
    GPIO_PinRemapConfig                      0x08001b53   Thumb Code   138  stm32f10x_gpio.o(.text)
    GPIO_EXTILineConfig                      0x08001bdd   Thumb Code    66  stm32f10x_gpio.o(.text)
    GPIO_ETH_MediaInterfaceConfig            0x08001c1f   Thumb Code     6  stm32f10x_gpio.o(.text)
    TIM_DeInit                               0x08001c4d   Thumb Code   424  stm32f10x_tim.o(.text)
    TIM_TimeBaseInit                         0x08001df5   Thumb Code   122  stm32f10x_tim.o(.text)
    TIM_OC1Init                              0x08001e6f   Thumb Code   132  stm32f10x_tim.o(.text)
    TIM_OC2Init                              0x08001ef3   Thumb Code   154  stm32f10x_tim.o(.text)
    TIM_OC3Init                              0x08001f8d   Thumb Code   150  stm32f10x_tim.o(.text)
    TIM_OC4Init                              0x08002023   Thumb Code   182  stm32f10x_tim.o(.text)
    TIM_SetIC4Prescaler                      0x080020d9   Thumb Code    26  stm32f10x_tim.o(.text)
    TIM_SetIC3Prescaler                      0x08002175   Thumb Code    18  stm32f10x_tim.o(.text)
    TIM_SetIC2Prescaler                      0x08002201   Thumb Code    26  stm32f10x_tim.o(.text)
    TIM_SetIC1Prescaler                      0x0800229d   Thumb Code    18  stm32f10x_tim.o(.text)
    TIM_ICInit                               0x0800231b   Thumb Code   150  stm32f10x_tim.o(.text)
    TIM_PWMIConfig                           0x080023b1   Thumb Code   124  stm32f10x_tim.o(.text)
    TIM_BDTRConfig                           0x0800242d   Thumb Code    32  stm32f10x_tim.o(.text)
    TIM_TimeBaseStructInit                   0x0800244d   Thumb Code    18  stm32f10x_tim.o(.text)
    TIM_OCStructInit                         0x0800245f   Thumb Code    20  stm32f10x_tim.o(.text)
    TIM_ICStructInit                         0x08002473   Thumb Code    18  stm32f10x_tim.o(.text)
    TIM_BDTRStructInit                       0x08002485   Thumb Code    40  stm32f10x_tim.o(.text)
    TIM_Cmd                                  0x080024ad   Thumb Code    24  stm32f10x_tim.o(.text)
    TIM_CtrlPWMOutputs                       0x080024c5   Thumb Code    30  stm32f10x_tim.o(.text)
    TIM_ITConfig                             0x080024e3   Thumb Code    18  stm32f10x_tim.o(.text)
    TIM_GenerateEvent                        0x080024f5   Thumb Code     4  stm32f10x_tim.o(.text)
    TIM_DMAConfig                            0x080024f9   Thumb Code    10  stm32f10x_tim.o(.text)
    TIM_DMACmd                               0x08002503   Thumb Code    18  stm32f10x_tim.o(.text)
    TIM_InternalClockConfig                  0x08002515   Thumb Code    12  stm32f10x_tim.o(.text)
    TIM_SelectInputTrigger                   0x08002521   Thumb Code    18  stm32f10x_tim.o(.text)
    TIM_ITRxExternalClockConfig              0x08002533   Thumb Code    24  stm32f10x_tim.o(.text)
    TIM_TIxExternalClockConfig               0x0800254b   Thumb Code    62  stm32f10x_tim.o(.text)
    TIM_ETRConfig                            0x08002589   Thumb Code    28  stm32f10x_tim.o(.text)
    TIM_ETRClockMode1Config                  0x080025a5   Thumb Code    54  stm32f10x_tim.o(.text)
    TIM_ETRClockMode2Config                  0x080025db   Thumb Code    32  stm32f10x_tim.o(.text)
    TIM_PrescalerConfig                      0x080025fb   Thumb Code     6  stm32f10x_tim.o(.text)
    TIM_CounterModeConfig                    0x08002601   Thumb Code    18  stm32f10x_tim.o(.text)
    TIM_EncoderInterfaceConfig               0x08002613   Thumb Code    66  stm32f10x_tim.o(.text)
    TIM_ForcedOC1Config                      0x08002655   Thumb Code    18  stm32f10x_tim.o(.text)
    TIM_ForcedOC2Config                      0x08002667   Thumb Code    26  stm32f10x_tim.o(.text)
    TIM_ForcedOC3Config                      0x08002681   Thumb Code    18  stm32f10x_tim.o(.text)
    TIM_ForcedOC4Config                      0x08002693   Thumb Code    26  stm32f10x_tim.o(.text)
    TIM_ARRPreloadConfig                     0x080026ad   Thumb Code    24  stm32f10x_tim.o(.text)
    TIM_SelectCOM                            0x080026c5   Thumb Code    24  stm32f10x_tim.o(.text)
    TIM_SelectCCDMA                          0x080026dd   Thumb Code    24  stm32f10x_tim.o(.text)
    TIM_CCPreloadControl                     0x080026f5   Thumb Code    24  stm32f10x_tim.o(.text)
    TIM_OC1PreloadConfig                     0x0800270d   Thumb Code    18  stm32f10x_tim.o(.text)
    TIM_OC2PreloadConfig                     0x0800271f   Thumb Code    26  stm32f10x_tim.o(.text)
    TIM_OC3PreloadConfig                     0x08002739   Thumb Code    18  stm32f10x_tim.o(.text)
    TIM_OC4PreloadConfig                     0x0800274b   Thumb Code    26  stm32f10x_tim.o(.text)
    TIM_OC1FastConfig                        0x08002765   Thumb Code    18  stm32f10x_tim.o(.text)
    TIM_OC2FastConfig                        0x08002777   Thumb Code    26  stm32f10x_tim.o(.text)
    TIM_OC3FastConfig                        0x08002791   Thumb Code    18  stm32f10x_tim.o(.text)
    TIM_OC4FastConfig                        0x080027a3   Thumb Code    26  stm32f10x_tim.o(.text)
    TIM_ClearOC1Ref                          0x080027bd   Thumb Code    18  stm32f10x_tim.o(.text)
    TIM_ClearOC2Ref                          0x080027cf   Thumb Code    24  stm32f10x_tim.o(.text)
    TIM_ClearOC3Ref                          0x080027e7   Thumb Code    18  stm32f10x_tim.o(.text)
    TIM_ClearOC4Ref                          0x080027f9   Thumb Code    24  stm32f10x_tim.o(.text)
    TIM_OC1PolarityConfig                    0x08002811   Thumb Code    18  stm32f10x_tim.o(.text)
    TIM_OC1NPolarityConfig                   0x08002823   Thumb Code    18  stm32f10x_tim.o(.text)
    TIM_OC2PolarityConfig                    0x08002835   Thumb Code    26  stm32f10x_tim.o(.text)
    TIM_OC2NPolarityConfig                   0x0800284f   Thumb Code    26  stm32f10x_tim.o(.text)
    TIM_OC3PolarityConfig                    0x08002869   Thumb Code    26  stm32f10x_tim.o(.text)
    TIM_OC3NPolarityConfig                   0x08002883   Thumb Code    26  stm32f10x_tim.o(.text)
    TIM_OC4PolarityConfig                    0x0800289d   Thumb Code    26  stm32f10x_tim.o(.text)
    TIM_CCxCmd                               0x080028b7   Thumb Code    30  stm32f10x_tim.o(.text)
    TIM_CCxNCmd                              0x080028d5   Thumb Code    30  stm32f10x_tim.o(.text)
    TIM_SelectOCxM                           0x080028f3   Thumb Code    82  stm32f10x_tim.o(.text)
    TIM_UpdateDisableConfig                  0x08002945   Thumb Code    24  stm32f10x_tim.o(.text)
    TIM_UpdateRequestConfig                  0x0800295d   Thumb Code    24  stm32f10x_tim.o(.text)
    TIM_SelectHallSensor                     0x08002975   Thumb Code    24  stm32f10x_tim.o(.text)
    TIM_SelectOnePulseMode                   0x0800298d   Thumb Code    18  stm32f10x_tim.o(.text)
    TIM_SelectOutputTrigger                  0x0800299f   Thumb Code    18  stm32f10x_tim.o(.text)
    TIM_SelectSlaveMode                      0x080029b1   Thumb Code    18  stm32f10x_tim.o(.text)
    TIM_SelectMasterSlaveMode                0x080029c3   Thumb Code    18  stm32f10x_tim.o(.text)
    TIM_SetCounter                           0x080029d5   Thumb Code     4  stm32f10x_tim.o(.text)
    TIM_SetAutoreload                        0x080029d9   Thumb Code     4  stm32f10x_tim.o(.text)
    TIM_SetCompare1                          0x080029dd   Thumb Code     4  stm32f10x_tim.o(.text)
    TIM_SetCompare2                          0x080029e1   Thumb Code     4  stm32f10x_tim.o(.text)
    TIM_SetCompare3                          0x080029e5   Thumb Code     4  stm32f10x_tim.o(.text)
    TIM_SetCompare4                          0x080029e9   Thumb Code     6  stm32f10x_tim.o(.text)
    TIM_SetClockDivision                     0x080029ef   Thumb Code    18  stm32f10x_tim.o(.text)
    TIM_GetCapture1                          0x08002a01   Thumb Code     6  stm32f10x_tim.o(.text)
    TIM_GetCapture2                          0x08002a07   Thumb Code     6  stm32f10x_tim.o(.text)
    TIM_GetCapture3                          0x08002a0d   Thumb Code     6  stm32f10x_tim.o(.text)
    TIM_GetCapture4                          0x08002a13   Thumb Code     8  stm32f10x_tim.o(.text)
    TIM_GetCounter                           0x08002a1b   Thumb Code     6  stm32f10x_tim.o(.text)
    TIM_GetPrescaler                         0x08002a21   Thumb Code     6  stm32f10x_tim.o(.text)
    TIM_GetFlagStatus                        0x08002a27   Thumb Code    18  stm32f10x_tim.o(.text)
    TIM_ClearFlag                            0x08002a39   Thumb Code     6  stm32f10x_tim.o(.text)
    TIM_GetITStatus                          0x08002a3f   Thumb Code    34  stm32f10x_tim.o(.text)
    TIM_ClearITPendingBit                    0x08002a61   Thumb Code     6  stm32f10x_tim.o(.text)
    NVIC_PriorityGroupConfig                 0x08002a69   Thumb Code    10  misc.o(.text)
    NVIC_Init                                0x08002a73   Thumb Code   102  misc.o(.text)
    NVIC_SetVectorTable                      0x08002ad9   Thumb Code    14  misc.o(.text)
    NVIC_SystemLPConfig                      0x08002ae7   Thumb Code    34  misc.o(.text)
    SysTick_CLKSourceConfig                  0x08002b09   Thumb Code    40  misc.o(.text)
    USART_DeInit                             0x08002b45   Thumb Code   134  stm32f10x_usart.o(.text)
    USART_Init                               0x08002bcb   Thumb Code   210  stm32f10x_usart.o(.text)
    USART_StructInit                         0x08002c9d   Thumb Code    24  stm32f10x_usart.o(.text)
    USART_ClockInit                          0x08002cb5   Thumb Code    34  stm32f10x_usart.o(.text)
    USART_ClockStructInit                    0x08002cd7   Thumb Code    12  stm32f10x_usart.o(.text)
    USART_Cmd                                0x08002ce3   Thumb Code    24  stm32f10x_usart.o(.text)
    USART_ITConfig                           0x08002cfb   Thumb Code    74  stm32f10x_usart.o(.text)
    USART_DMACmd                             0x08002d45   Thumb Code    18  stm32f10x_usart.o(.text)
    USART_SetAddress                         0x08002d57   Thumb Code    18  stm32f10x_usart.o(.text)
    USART_WakeUpConfig                       0x08002d69   Thumb Code    18  stm32f10x_usart.o(.text)
    USART_ReceiverWakeUpCmd                  0x08002d7b   Thumb Code    24  stm32f10x_usart.o(.text)
    USART_LINBreakDetectLengthConfig         0x08002d93   Thumb Code    18  stm32f10x_usart.o(.text)
    USART_LINCmd                             0x08002da5   Thumb Code    24  stm32f10x_usart.o(.text)
    USART_SendData                           0x08002dbd   Thumb Code     8  stm32f10x_usart.o(.text)
    USART_ReceiveData                        0x08002dc5   Thumb Code    10  stm32f10x_usart.o(.text)
    USART_SendBreak                          0x08002dcf   Thumb Code    10  stm32f10x_usart.o(.text)
    USART_SetGuardTime                       0x08002dd9   Thumb Code    16  stm32f10x_usart.o(.text)
    USART_SetPrescaler                       0x08002de9   Thumb Code    16  stm32f10x_usart.o(.text)
    USART_SmartCardCmd                       0x08002df9   Thumb Code    24  stm32f10x_usart.o(.text)
    USART_SmartCardNACKCmd                   0x08002e11   Thumb Code    24  stm32f10x_usart.o(.text)
    USART_HalfDuplexCmd                      0x08002e29   Thumb Code    24  stm32f10x_usart.o(.text)
    USART_OverSampling8Cmd                   0x08002e41   Thumb Code    22  stm32f10x_usart.o(.text)
    USART_OneBitMethodCmd                    0x08002e57   Thumb Code    24  stm32f10x_usart.o(.text)
    USART_IrDAConfig                         0x08002e6f   Thumb Code    18  stm32f10x_usart.o(.text)
    USART_IrDACmd                            0x08002e81   Thumb Code    24  stm32f10x_usart.o(.text)
    USART_GetFlagStatus                      0x08002e99   Thumb Code    26  stm32f10x_usart.o(.text)
    USART_ClearFlag                          0x08002eb3   Thumb Code    18  stm32f10x_usart.o(.text)
    USART_GetITStatus                        0x08002ec5   Thumb Code    84  stm32f10x_usart.o(.text)
    USART_ClearITPendingBit                  0x08002f19   Thumb Code    52  stm32f10x_usart.o(.text)
    EXTI_DeInit                              0x08002f4d   Thumb Code    28  stm32f10x_exti.o(.text)
    EXTI_Init                                0x08002f69   Thumb Code   142  stm32f10x_exti.o(.text)
    EXTI_StructInit                          0x08002ff7   Thumb Code    16  stm32f10x_exti.o(.text)
    EXTI_GenerateSWInterrupt                 0x08003007   Thumb Code    16  stm32f10x_exti.o(.text)
    EXTI_GetFlagStatus                       0x08003017   Thumb Code    22  stm32f10x_exti.o(.text)
    EXTI_ClearFlag                           0x0800302d   Thumb Code     8  stm32f10x_exti.o(.text)
    EXTI_GetITStatus                         0x08003035   Thumb Code    34  stm32f10x_exti.o(.text)
    EXTI_ClearITPendingBit                   0x08003057   Thumb Code     8  stm32f10x_exti.o(.text)
    SPI_I2S_DeInit                           0x08003069   Thumb Code    76  stm32f10x_spi.o(.text)
    SPI_Init                                 0x080030b5   Thumb Code    60  stm32f10x_spi.o(.text)
    I2S_Init                                 0x080030f1   Thumb Code   226  stm32f10x_spi.o(.text)
    SPI_StructInit                           0x080031d3   Thumb Code    24  stm32f10x_spi.o(.text)
    I2S_StructInit                           0x080031eb   Thumb Code    20  stm32f10x_spi.o(.text)
    SPI_Cmd                                  0x080031ff   Thumb Code    24  stm32f10x_spi.o(.text)
    I2S_Cmd                                  0x08003217   Thumb Code    24  stm32f10x_spi.o(.text)
    SPI_I2S_ITConfig                         0x0800322f   Thumb Code    32  stm32f10x_spi.o(.text)
    SPI_I2S_DMACmd                           0x0800324f   Thumb Code    18  stm32f10x_spi.o(.text)
    SPI_I2S_SendData                         0x08003261   Thumb Code     4  stm32f10x_spi.o(.text)
    SPI_I2S_ReceiveData                      0x08003265   Thumb Code     6  stm32f10x_spi.o(.text)
    SPI_NSSInternalSoftwareConfig            0x0800326b   Thumb Code    30  stm32f10x_spi.o(.text)
    SPI_SSOutputCmd                          0x08003289   Thumb Code    24  stm32f10x_spi.o(.text)
    SPI_DataSizeConfig                       0x080032a1   Thumb Code    18  stm32f10x_spi.o(.text)
    SPI_TransmitCRC                          0x080032b3   Thumb Code    10  stm32f10x_spi.o(.text)
    SPI_CalculateCRC                         0x080032bd   Thumb Code    24  stm32f10x_spi.o(.text)
    SPI_GetCRC                               0x080032d5   Thumb Code    16  stm32f10x_spi.o(.text)
    SPI_GetCRCPolynomial                     0x080032e5   Thumb Code     6  stm32f10x_spi.o(.text)
    SPI_BiDirectionalLineConfig              0x080032eb   Thumb Code    28  stm32f10x_spi.o(.text)
    SPI_I2S_GetFlagStatus                    0x08003307   Thumb Code    18  stm32f10x_spi.o(.text)
    SPI_I2S_ClearFlag                        0x08003319   Thumb Code     6  stm32f10x_spi.o(.text)
    SPI_I2S_GetITStatus                      0x0800331f   Thumb Code    52  stm32f10x_spi.o(.text)
    SPI_I2S_ClearITPendingBit                0x08003353   Thumb Code    20  stm32f10x_spi.o(.text)
    FLASH_SetLatency                         0x08003375   Thumb Code    18  stm32f10x_flash.o(.text)
    FLASH_HalfCycleAccessCmd                 0x08003387   Thumb Code    22  stm32f10x_flash.o(.text)
    FLASH_PrefetchBufferCmd                  0x0800339d   Thumb Code    22  stm32f10x_flash.o(.text)
    FLASH_Unlock                             0x080033b3   Thumb Code    12  stm32f10x_flash.o(.text)
    FLASH_UnlockBank1                        0x080033bf   Thumb Code    12  stm32f10x_flash.o(.text)
    FLASH_Lock                               0x080033cb   Thumb Code    14  stm32f10x_flash.o(.text)
    FLASH_LockBank1                          0x080033d9   Thumb Code    14  stm32f10x_flash.o(.text)
    FLASH_GetBank1Status                     0x080033e7   Thumb Code    48  stm32f10x_flash.o(.text)
    FLASH_WaitForLastOperation               0x08003417   Thumb Code    38  stm32f10x_flash.o(.text)
    FLASH_ErasePage                          0x0800343d   Thumb Code    72  stm32f10x_flash.o(.text)
    FLASH_EraseAllPages                      0x08003485   Thumb Code    68  stm32f10x_flash.o(.text)
    FLASH_WaitForLastBank1Operation          0x080034c9   Thumb Code    38  stm32f10x_flash.o(.text)
    FLASH_EraseAllBank1Pages                 0x080034ef   Thumb Code    68  stm32f10x_flash.o(.text)
    FLASH_GetReadOutProtectionStatus         0x08003533   Thumb Code    20  stm32f10x_flash.o(.text)
    FLASH_EraseOptionBytes                   0x08003547   Thumb Code   150  stm32f10x_flash.o(.text)
    FLASH_ProgramWord                        0x080035dd   Thumb Code   102  stm32f10x_flash.o(.text)
    FLASH_ProgramHalfWord                    0x08003643   Thumb Code    60  stm32f10x_flash.o(.text)
    FLASH_ProgramOptionByteData              0x0800367f   Thumb Code    72  stm32f10x_flash.o(.text)
    FLASH_EnableWriteProtection              0x080036c7   Thumb Code   200  stm32f10x_flash.o(.text)
    FLASH_ReadOutProtection                  0x0800378f   Thumb Code   156  stm32f10x_flash.o(.text)
    FLASH_UserOptionByteConfig               0x0800382b   Thumb Code    88  stm32f10x_flash.o(.text)
    FLASH_GetUserOptionByte                  0x08003883   Thumb Code     8  stm32f10x_flash.o(.text)
    FLASH_GetWriteProtectionOptionByte       0x0800388b   Thumb Code     6  stm32f10x_flash.o(.text)
    FLASH_GetPrefetchBufferStatus            0x08003891   Thumb Code    20  stm32f10x_flash.o(.text)
    FLASH_ITConfig                           0x080038a5   Thumb Code    26  stm32f10x_flash.o(.text)
    FLASH_GetFlagStatus                      0x080038bf   Thumb Code    42  stm32f10x_flash.o(.text)
    FLASH_ClearFlag                          0x080038e9   Thumb Code     6  stm32f10x_flash.o(.text)
    FLASH_GetStatus                          0x080038ef   Thumb Code    48  stm32f10x_flash.o(.text)
    SystemInit                               0x08003a0d   Thumb Code    78  system_stm32f10x.o(.text)
    SystemCoreClockUpdate                    0x08003a5b   Thumb Code   142  system_stm32f10x.o(.text)
    TIM3_Int_Init                            0x08003b0d   Thumb Code    88  timer.o(.text)
    TIM3_IRQHandler                          0x08003b65   Thumb Code    36  timer.o(.text)
    __aeabi_fadd                             0x08003b95   Thumb Code   164  fadd.o(.text)
    __aeabi_fsub                             0x08003c39   Thumb Code     6  fadd.o(.text)
    __aeabi_frsub                            0x08003c3f   Thumb Code     6  fadd.o(.text)
    __aeabi_fmul                             0x08003c45   Thumb Code   108  fmul.o(.text)
    __aeabi_fdiv                             0x08003cb1   Thumb Code   128  fdiv.o(.text)
    __aeabi_dadd                             0x08003d31   Thumb Code   322  dadd.o(.text)
    __aeabi_dsub                             0x08003e73   Thumb Code     6  dadd.o(.text)
    __aeabi_drsub                            0x08003e79   Thumb Code     6  dadd.o(.text)
    __aeabi_dmul                             0x08003e7f   Thumb Code   228  dmul.o(.text)
    __aeabi_ddiv                             0x08003f63   Thumb Code   222  ddiv.o(.text)
    __aeabi_i2f                              0x08004041   Thumb Code    18  fflti.o(.text)
    __aeabi_ui2f                             0x08004053   Thumb Code    10  ffltui.o(.text)
    __aeabi_i2d                              0x0800405d   Thumb Code    34  dflti.o(.text)
    __aeabi_ui2d                             0x0800407f   Thumb Code    26  dfltui.o(.text)
    __aeabi_d2iz                             0x08004099   Thumb Code    62  dfixi.o(.text)
    __aeabi_d2uiz                            0x080040d7   Thumb Code    50  dfixui.o(.text)
    __aeabi_f2d                              0x08004109   Thumb Code    38  f2d.o(.text)
    __aeabi_d2f                              0x0800412f   Thumb Code    56  d2f.o(.text)
    __aeabi_cfcmpeq                          0x08004169   Thumb Code     0  cfcmple.o(.text)
    __aeabi_cfcmple                          0x08004169   Thumb Code    20  cfcmple.o(.text)
    __aeabi_cfrcmple                         0x0800417d   Thumb Code    20  cfrcmple.o(.text)
    __aeabi_llsl                             0x08004191   Thumb Code    30  llshl.o(.text)
    _ll_shift_l                              0x08004191   Thumb Code     0  llshl.o(.text)
    __aeabi_llsr                             0x080041af   Thumb Code    32  llushr.o(.text)
    _ll_ushift_r                             0x080041af   Thumb Code     0  llushr.o(.text)
    __aeabi_lasr                             0x080041cf   Thumb Code    36  llsshr.o(.text)
    _ll_sshift_r                             0x080041cf   Thumb Code     0  llsshr.o(.text)
    __I$use$fp                               0x080041f3   Thumb Code     0  iusefp.o(.text)
    _float_round                             0x080041f3   Thumb Code    18  fepilogue.o(.text)
    _float_epilogue                          0x08004205   Thumb Code    90  fepilogue.o(.text)
    _double_round                            0x0800425f   Thumb Code    26  depilogue.o(.text)
    _double_epilogue                         0x08004279   Thumb Code   164  depilogue.o(.text)
    __scatterload                            0x0800431d   Thumb Code    28  init.o(.text)
    __scatterload_rt2                        0x0800431d   Thumb Code     0  init.o(.text)
    __decompress                             0x08004341   Thumb Code     0  __dczerorl2.o(.text)
    __decompress1                            0x08004341   Thumb Code    92  __dczerorl2.o(.text)
    __scatterload_copy                       0x0800439d   Thumb Code    14  handlers.o(i.__scatterload_copy)
    __scatterload_null                       0x080043ab   Thumb Code     2  handlers.o(i.__scatterload_null)
    __scatterload_zeroinit                   0x080043ad   Thumb Code    14  handlers.o(i.__scatterload_zeroinit)
    TX_ADDRESS                               0x080043ba   Data           5  nrf24l01.o(.constdata)
    RX_ADDRESS                               0x080043bf   Data           5  nrf24l01.o(.constdata)
    Region$$Table$$Base                      0x080043c4   Number         0  anon$$obj.o(Region$$Table)
    Region$$Table$$Limit                     0x080043e4   Number         0  anon$$obj.o(Region$$Table)
    angle_set                                0x20000000   Data           4  main.o(.data)
    En_Counter1                              0x20000004   Data           4  main.o(.data)
    En_Counter2                              0x20000008   Data           4  main.o(.data)
    TIMCompare1                              0x2000000c   Data           2  main.o(.data)
    head_angle_2                             0x2000002c   Data           4  main.o(.data)
    velocity6                                0x20000030   Data           8  main.o(.data)
    velocity7                                0x20000038   Data           8  main.o(.data)
    velocity8                                0x20000040   Data           8  main.o(.data)
    velocity9                                0x20000048   Data           8  main.o(.data)
    OUT5                                     0x20000050   Data           4  main.o(.data)
    OUT4                                     0x20000054   Data           4  main.o(.data)
    OUT3                                     0x20000058   Data           4  main.o(.data)
    OUT2                                     0x2000005c   Data           4  main.o(.data)
    Motion_angle1                            0x20000060   Data           4  main.o(.data)
    Motion_angle5                            0x20000064   Data           4  main.o(.data)
    tail_angle                               0x20000068   Data           4  main.o(.data)
    head_angle                               0x2000006c   Data           4  main.o(.data)
    head_angle_1                             0x20000070   Data           4  main.o(.data)
    head_angle_bias                          0x20000074   Data           4  main.o(.data)
    head_angle_add                           0x20000078   Data           4  main.o(.data)
    speed                                    0x2000007c   Data           4  main.o(.data)
    Output1                                  0x20000080   Data           4  main.o(.data)
    Output2                                  0x20000084   Data           4  main.o(.data)
    Output3                                  0x20000088   Data           4  main.o(.data)
    Output4                                  0x2000008c   Data           4  main.o(.data)
    Output5                                  0x20000090   Data           4  main.o(.data)
    EncFullFlag                              0x20000094   Data           1  main.o(.data)
    A                                        0x20000098   Data           4  main.o(.data)
    t                                        0x2000009c   Data           4  main.o(.data)
    dett                                     0x200000a0   Data           4  main.o(.data)
    f                                        0x200000a4   Data           4  main.o(.data)
    array                                    0x200000a8   Data          32  main.o(.data)
    ar                                       0x200000c8   Data           1  main.o(.data)
    ta                                       0x200000c9   Data           1  main.o(.data)
    aa                                       0x200000ca   Data           1  main.o(.data)
    timeflag                                 0x200000cc   Data           4  main.o(.data)
    pianhang_angle                           0x200000d4   Data           4  main.o(.data)
    inityaw                                  0x200000d8   Data           4  main.o(.data)
    yaw                                      0x200000dc   Data           4  main.o(.data)
    T                                        0x200000e0   Data           4  main.o(.data)
    time                                     0x200000e4   Data           4  main.o(.data)
    cyc_num                                  0x200000e8   Data           2  stm32f10x_it.o(.data)
    num                                      0x200000ea   Data           2  stm32f10x_it.o(.data)
    counter                                  0x200000ec   Data           1  stm32f10x_it.o(.data)
    flag                                     0x200000ed   Data           1  stm32f10x_it.o(.data)
    control                                  0x200000ee   Data           4  stm32f10x_it.o(.data)
    number                                   0x200000f2   Data           1  stm32f10x_it.o(.data)
    pulse_num                                0x200000f4   Data           2  stm32f10x_it.o(.data)
    En_Counter0                              0x200000f6   Data           2  stm32f10x_it.o(.data)
    sign                                     0x200000f8   Data           1  stm32f10x_it.o(.data)
    he                                       0x200000f9   Data           1  stm32f10x_it.o(.data)
    CCR1_Val                                 0x200000fa   Data           2  pwm_output.o(.data)
    CCR2_Val                                 0x200000fc   Data           2  pwm_output.o(.data)
    CCR3_Val                                 0x200000fe   Data           2  pwm_output.o(.data)
    CCR4_Val                                 0x20000100   Data           2  pwm_output.o(.data)
    TimingDelay                              0x20000104   Data           4  systick.o(.data)
    EXTI10_VAL                               0x20000108   Data           4  exti.o(.data)
    EXTI10_cycle                             0x2000010c   Data           4  exti.o(.data)
    SystemCoreClock                          0x20000124   Data           4  system_stm32f10x.o(.data)
    AHBPrescTable                            0x20000128   Data          16  system_stm32f10x.o(.data)
    a                                        0x20000138   Data          12  main.o(.bss)
    w                                        0x20000144   Data          12  main.o(.bss)
    angle                                    0x20000150   Data          12  main.o(.bss)
    Re_buf                                   0x2000015c   Data          11  stm32f10x_it.o(.bss)
    temp_buf                                 0x20000167   Data          11  stm32f10x_it.o(.bss)
    __initial_sp                             0x20000580   Data           0  startup_stm32f10x_hd.o(STACK)



==============================================================================

Memory Map of the image

  Image Entry point : 0x08000131

  Load Region LR_IROM1 (Base: 0x08000000, Size: 0x0000451c, Max: 0x00010000, ABSOLUTE, COMPRESSED[0x0000442c])

    Execution Region ER_IROM1 (Base: 0x08000000, Size: 0x000043e4, Max: 0x00010000, ABSOLUTE)

    Base Addr    Size         Type   Attr      Idx    E Section Name        Object

    0x08000000   0x00000130   Data   RO            3    RESET               startup_stm32f10x_hd.o
    0x08000130   0x00000000   Code   RO          435  * .ARM.Collect$$$$00000000  mc_w.l(entry.o)
    0x08000130   0x00000004   Code   RO          470    .ARM.Collect$$$$00000001  mc_w.l(entry2.o)
    0x08000134   0x00000004   Code   RO          473    .ARM.Collect$$$$00000004  mc_w.l(entry5.o)
    0x08000138   0x00000000   Code   RO          475    .ARM.Collect$$$$00000008  mc_w.l(entry7b.o)
    0x08000138   0x00000000   Code   RO          477    .ARM.Collect$$$$0000000A  mc_w.l(entry8b.o)
    0x08000138   0x00000008   Code   RO          478    .ARM.Collect$$$$0000000B  mc_w.l(entry9a.o)
    0x08000140   0x00000000   Code   RO          480    .ARM.Collect$$$$0000000D  mc_w.l(entry10a.o)
    0x08000140   0x00000000   Code   RO          482    .ARM.Collect$$$$0000000F  mc_w.l(entry11a.o)
    0x08000140   0x00000004   Code   RO          471    .ARM.Collect$$$$00002712  mc_w.l(entry2.o)
    0x08000144   0x00000024   Code   RO            4    .text               startup_stm32f10x_hd.o
    0x08000168   0x000006e8   Code   RO           10    .text               main.o
    0x08000850   0x0000015c   Code   RO          108    .text               stm32f10x_it.o
    0x080009ac   0x000002a8   Code   RO          138    .text               pwm_output.o
    0x08000c54   0x000000b4   Code   RO          169    .text               systick.o
    0x08000d08   0x000001d4   Code   RO          188    .text               usart1.o
    0x08000edc   0x00000158   Code   RO          207    .text               exti.o
    0x08001034   0x00000058   Code   RO          237    .text               time_test.o
    0x0800108c   0x0000042c   Code   RO          249    .text               nrf24l01.o
    0x080014b8   0x00000098   Code   RO          272    .text               sys.o
    0x08001550   0x000003a4   Code   RO          284    .text               stm32f10x_rcc.o
    0x080018f4   0x00000358   Code   RO          298    .text               stm32f10x_gpio.o
    0x08001c4c   0x00000e1a   Code   RO          310    .text               stm32f10x_tim.o
    0x08002a66   0x00000002   PAD
    0x08002a68   0x000000dc   Code   RO          322    .text               misc.o
    0x08002b44   0x00000408   Code   RO          334    .text               stm32f10x_usart.o
    0x08002f4c   0x0000011c   Code   RO          346    .text               stm32f10x_exti.o
    0x08003068   0x0000030c   Code   RO          358    .text               stm32f10x_spi.o
    0x08003374   0x000005bc   Code   RO          370    .text               stm32f10x_flash.o
    0x08003930   0x000001dc   Code   RO          392    .text               system_stm32f10x.o
    0x08003b0c   0x00000088   Code   RO          410    .text               timer.o
    0x08003b94   0x000000b0   Code   RO          438    .text               mf_w.l(fadd.o)
    0x08003c44   0x0000006c   Code   RO          440    .text               mf_w.l(fmul.o)
    0x08003cb0   0x00000080   Code   RO          442    .text               mf_w.l(fdiv.o)
    0x08003d30   0x0000014e   Code   RO          444    .text               mf_w.l(dadd.o)
    0x08003e7e   0x000000e4   Code   RO          446    .text               mf_w.l(dmul.o)
    0x08003f62   0x000000de   Code   RO          448    .text               mf_w.l(ddiv.o)
    0x08004040   0x00000012   Code   RO          450    .text               mf_w.l(fflti.o)
    0x08004052   0x0000000a   Code   RO          452    .text               mf_w.l(ffltui.o)
    0x0800405c   0x00000022   Code   RO          454    .text               mf_w.l(dflti.o)
    0x0800407e   0x0000001a   Code   RO          456    .text               mf_w.l(dfltui.o)
    0x08004098   0x0000003e   Code   RO          458    .text               mf_w.l(dfixi.o)
    0x080040d6   0x00000032   Code   RO          460    .text               mf_w.l(dfixui.o)
    0x08004108   0x00000026   Code   RO          462    .text               mf_w.l(f2d.o)
    0x0800412e   0x00000038   Code   RO          464    .text               mf_w.l(d2f.o)
    0x08004166   0x00000002   PAD
    0x08004168   0x00000014   Code   RO          466    .text               mf_w.l(cfcmple.o)
    0x0800417c   0x00000014   Code   RO          468    .text               mf_w.l(cfrcmple.o)
    0x08004190   0x0000001e   Code   RO          484    .text               mc_w.l(llshl.o)
    0x080041ae   0x00000020   Code   RO          486    .text               mc_w.l(llushr.o)
    0x080041ce   0x00000024   Code   RO          488    .text               mc_w.l(llsshr.o)
    0x080041f2   0x00000000   Code   RO          490    .text               mc_w.l(iusefp.o)
    0x080041f2   0x0000006c   Code   RO          491    .text               mf_w.l(fepilogue.o)
    0x0800425e   0x000000be   Code   RO          493    .text               mf_w.l(depilogue.o)
    0x0800431c   0x00000024   Code   RO          495    .text               mc_w.l(init.o)
    0x08004340   0x0000005c   Code   RO          505    .text               mc_w.l(__dczerorl2.o)
    0x0800439c   0x0000000e   Code   RO          499    i.__scatterload_copy  mc_w.l(handlers.o)
    0x080043aa   0x00000002   Code   RO          500    i.__scatterload_null  mc_w.l(handlers.o)
    0x080043ac   0x0000000e   Code   RO          501    i.__scatterload_zeroinit  mc_w.l(handlers.o)
    0x080043ba   0x0000000a   Data   RO          250    .constdata          nrf24l01.o
    0x080043c4   0x00000020   Data   RO          497    Region$$Table       anon$$obj.o


    Execution Region RW_IRAM1 (Base: 0x20000000, Size: 0x00000580, Max: 0x00005000, ABSOLUTE, COMPRESSED[0x00000048])

    Base Addr    Size         Type   Attr      Idx    E Section Name        Object

    0x20000000   0x000000e8   Data   RW           12    .data               main.o
    0x200000e8   0x00000012   Data   RW          110    .data               stm32f10x_it.o
    0x200000fa   0x00000008   Data   RW          139    .data               pwm_output.o
    0x20000102   0x00000002   PAD
    0x20000104   0x00000004   Data   RW          170    .data               systick.o
    0x20000108   0x00000008   Data   RW          208    .data               exti.o
    0x20000110   0x00000014   Data   RW          285    .data               stm32f10x_rcc.o
    0x20000124   0x00000014   Data   RW          393    .data               system_stm32f10x.o
    0x20000138   0x00000024   Zero   RW           11    .bss                main.o
    0x2000015c   0x00000021   Zero   RW          109    .bss                stm32f10x_it.o
    0x2000017d   0x00000003   PAD
    0x20000180   0x00000400   Zero   RW            1    STACK               startup_stm32f10x_hd.o


==============================================================================

Image component sizes


      Code (inc. data)   RO Data    RW Data    ZI Data      Debug   Object Name

       344         14          0          8          0       1201   exti.o
      1768        252          0        232         36     263885   main.o
       220         20          0          0          0       1677   misc.o
      1068         50         10          0          0      11308   nrf24l01.o
       680         36          0          8          0       1884   pwm_output.o
        36          8        304          0       1024        788   startup_stm32f10x_hd.o
       284         10          0          0          0       2115   stm32f10x_exti.o
      1468         34          0          0          0       7914   stm32f10x_flash.o
       856         40          0          0          0       5525   stm32f10x_gpio.o
       348         44          0         18         33       3329   stm32f10x_it.o
       932         44          0         20          0       8652   stm32f10x_rcc.o
       780         14          0          0          0       6406   stm32f10x_spi.o
      3610         88          0          0          0      22012   stm32f10x_tim.o
      1032         22          0          0          0       8248   stm32f10x_usart.o
       152          6          0          0          0        671   sys.o
       476         36          0         20          0       1683   system_stm32f10x.o
       180         18          0          4          0      16401   systick.o
        88          4          0          0          0        469   time_test.o
       136         12          0          0          0        716   timer.o
       468         18          0          0          0       2912   usart1.o

    ----------------------------------------------------------------------
     14928        770        346        312       1096     367796   Object Totals
         0          0         32          0          0          0   (incl. Generated)
         2          0          0          2          3          0   (incl. Padding)

    ----------------------------------------------------------------------

      Code (inc. data)   RO Data    RW Data    ZI Data      Debug   Library Member Name

        92          0          0          0          0          0   __dczerorl2.o
         0          0          0          0          0          0   entry.o
         0          0          0          0          0          0   entry10a.o
         0          0          0          0          0          0   entry11a.o
         8          4          0          0          0          0   entry2.o
         4          0          0          0          0          0   entry5.o
         0          0          0          0          0          0   entry7b.o
         0          0          0          0          0          0   entry8b.o
         8          4          0          0          0          0   entry9a.o
        30          0          0          0          0          0   handlers.o
        36          8          0          0          0         68   init.o
         0          0          0          0          0          0   iusefp.o
        30          0          0          0          0         68   llshl.o
        36          0          0          0          0         68   llsshr.o
        32          0          0          0          0         68   llushr.o
        20          0          0          0          0         68   cfcmple.o
        20          0          0          0          0         68   cfrcmple.o
        56          0          0          0          0         88   d2f.o
       334          0          0          0          0        148   dadd.o
       222          0          0          0          0        100   ddiv.o
       190          0          0          0          0        176   depilogue.o
        62          0          0          0          0         80   dfixi.o
        50          0          0          0          0         76   dfixui.o
        34          0          0          0          0         76   dflti.o
        26          0          0          0          0         76   dfltui.o
       228          0          0          0          0         96   dmul.o
        38          0          0          0          0         68   f2d.o
       176          0          0          0          0        140   fadd.o
       128          0          0          0          0         88   fdiv.o
       108          0          0          0          0        168   fepilogue.o
        18          0          0          0          0         68   fflti.o
        10          0          0          0          0         68   ffltui.o
       108          0          0          0          0         76   fmul.o

    ----------------------------------------------------------------------
      2106         16          0          0          0       2000   Library Totals
         2          0          0          0          0          0   (incl. Padding)

    ----------------------------------------------------------------------

      Code (inc. data)   RO Data    RW Data    ZI Data      Debug   Library Name

       276         16          0          0          0        272   mc_w.l
      1828          0          0          0          0       1728   mf_w.l

    ----------------------------------------------------------------------
      2106         16          0          0          0       2000   Library Totals

    ----------------------------------------------------------------------

==============================================================================


      Code (inc. data)   RO Data    RW Data    ZI Data      Debug   

     17034        786        346        312       1096     366936   Grand Totals
     17034        786        346         72       1096     366936   ELF Image Totals (compressed)
     17034        786        346         72          0          0   ROM Totals

==============================================================================

    Total RO  Size (Code + RO Data)                17380 (  16.97kB)
    Total RW  Size (RW Data + ZI Data)              1408 (   1.38kB)
    Total ROM Size (Code + RO Data + RW Data)      17452 (  17.04kB)

==============================================================================

